Archive member included because of file (symbol)

libbb/lib.a(appletlib.o)      /opt/STM/STLinux-2.4/devkit/armv5/target/usr/lib/crt1.o (main)
libbb/lib.a(concat_path_file.o)
                              libbb/lib.a(appletlib.o) (concat_path_file)
libbb/lib.a(default_error_retval.o)
                              libbb/lib.a(appletlib.o) (xfunc_error_retval)
libbb/lib.a(get_last_path_component.o)
                              libbb/lib.a(appletlib.o) (bb_basename)
libbb/lib.a(last_char_is.o)   libbb/lib.a(concat_path_file.o) (last_char_is)
libbb/lib.a(llist.o)          libbb/lib.a(appletlib.o) (llist_free)
libbb/lib.a(messages.o)       libbb/lib.a(appletlib.o) (bb_busybox_exec_path)
libbb/lib.a(perror_msg.o)     libbb/lib.a(appletlib.o) (bb_perror_msg_and_die)
libbb/lib.a(ptr_to_globals.o)
                              libbb/lib.a(appletlib.o) (bb_errno)
libbb/lib.a(skip_whitespace.o)
                              libbb/lib.a(appletlib.o) (skip_whitespace)
libbb/lib.a(verror_msg.o)     libbb/lib.a(perror_msg.o) (bb_verror_msg)
libbb/lib.a(wfopen.o)         libbb/lib.a(appletlib.o) (fopen_for_read)
libbb/lib.a(xfunc_die.o)      libbb/lib.a(appletlib.o) (xfunc_die)
libbb/lib.a(xfuncs.o)         libbb/lib.a(appletlib.o) (full_write2_str)
libbb/lib.a(xfuncs_printf.o)  libbb/lib.a(appletlib.o) (malloc_or_warn)
libbb/lib.a(xreadlink.o)      libbb/lib.a(appletlib.o) (xmalloc_readlink)
libbb/lib.a(copyfd.o)         libbb/lib.a(xfuncs_printf.o) (bb_copyfd_eof)
libbb/lib.a(full_write.o)     libbb/lib.a(verror_msg.o) (full_write)
libbb/lib.a(read.o)           libbb/lib.a(copyfd.o) (safe_read)
libbb/lib.a(safe_write.o)     libbb/lib.a(full_write.o) (safe_write)
libbb/lib.a(time.o)           libbb/lib.a(xfuncs_printf.o) (monotonic_us)
libbb/lib.a(bb_strtonum.o)    libbb/lib.a(time.o) (bb_strtol)
libpwdgrp/lib.a(pwd_grp.o)    libbb/lib.a(appletlib.o) (bb_internal_getgrgid)
libpwdgrp/lib.a(uidgid_get.o)
                              libbb/lib.a(appletlib.o) (get_uidgid)
loginutils/lib.a(add-remove-shell.o)
                              libbb/lib.a(appletlib.o) (add_remove_shell_main)
loginutils/lib.a(addgroup.o)  libbb/lib.a(appletlib.o) (addgroup_main)
loginutils/lib.a(adduser.o)   libbb/lib.a(appletlib.o) (adduser_main)
loginutils/lib.a(chpasswd.o)  libbb/lib.a(appletlib.o) (chpasswd_main)
loginutils/lib.a(cryptpw.o)   libbb/lib.a(appletlib.o) (cryptpw_main)
loginutils/lib.a(deluser.o)   libbb/lib.a(appletlib.o) (deluser_main)
loginutils/lib.a(getty.o)     libbb/lib.a(appletlib.o) (getty_main)
loginutils/lib.a(login.o)     libbb/lib.a(appletlib.o) (login_main)
loginutils/lib.a(passwd.o)    libbb/lib.a(appletlib.o) (passwd_main)
loginutils/lib.a(su.o)        libbb/lib.a(appletlib.o) (su_main)
loginutils/lib.a(sulogin.o)   libbb/lib.a(appletlib.o) (sulogin_main)
loginutils/lib.a(vlock.o)     libbb/lib.a(appletlib.o) (vlock_main)
mailutils/lib.a(makemime.o)   libbb/lib.a(appletlib.o) (makemime_main)
mailutils/lib.a(popmaildir.o)
                              libbb/lib.a(appletlib.o) (popmaildir_main)
mailutils/lib.a(reformime.o)  libbb/lib.a(appletlib.o) (reformime_main)
mailutils/lib.a(sendmail.o)   libbb/lib.a(appletlib.o) (sendmail_main)
mailutils/lib.a(mail.o)       mailutils/lib.a(popmaildir.o) (launch_helper)
miscutils/lib.a(adjtimex.o)   libbb/lib.a(appletlib.o) (adjtimex_main)
miscutils/lib.a(beep.o)       libbb/lib.a(appletlib.o) (beep_main)
miscutils/lib.a(chat.o)       libbb/lib.a(appletlib.o) (chat_main)
miscutils/lib.a(chrt.o)       libbb/lib.a(appletlib.o) (chrt_main)
miscutils/lib.a(conspy.o)     libbb/lib.a(appletlib.o) (conspy_main)
miscutils/lib.a(crond.o)      libbb/lib.a(appletlib.o) (crond_main)
miscutils/lib.a(crontab.o)    libbb/lib.a(appletlib.o) (crontab_main)
miscutils/lib.a(dc.o)         libbb/lib.a(appletlib.o) (dc_main)
miscutils/lib.a(devmem.o)     libbb/lib.a(appletlib.o) (devmem_main)
miscutils/lib.a(eject.o)      libbb/lib.a(appletlib.o) (eject_main)
miscutils/lib.a(fbsplash.o)   libbb/lib.a(appletlib.o) (fbsplash_main)
miscutils/lib.a(hdparm.o)     libbb/lib.a(appletlib.o) (hdparm_main)
miscutils/lib.a(ionice.o)     libbb/lib.a(appletlib.o) (ionice_main)
miscutils/lib.a(last_fancy.o)
                              libbb/lib.a(appletlib.o) (last_main)
miscutils/lib.a(less.o)       libbb/lib.a(appletlib.o) (less_main)
miscutils/lib.a(makedevs.o)   libbb/lib.a(appletlib.o) (makedevs_main)
miscutils/lib.a(man.o)        libbb/lib.a(appletlib.o) (man_main)
miscutils/lib.a(microcom.o)   libbb/lib.a(appletlib.o) (microcom_main)
miscutils/lib.a(mountpoint.o)
                              libbb/lib.a(appletlib.o) (mountpoint_main)
miscutils/lib.a(mt.o)         libbb/lib.a(appletlib.o) (mt_main)
miscutils/lib.a(nandwrite.o)  libbb/lib.a(appletlib.o) (nandwrite_main)
miscutils/lib.a(raidautorun.o)
                              libbb/lib.a(appletlib.o) (raidautorun_main)
miscutils/lib.a(readahead.o)  libbb/lib.a(appletlib.o) (readahead_main)
[...]
Memory Configuration

Name             Origin             Length             Attributes
*default*        0x00000000         0xffffffff

Linker script and memory map

LOAD /opt/STM/STLinux-2.4/devkit/armv5/target/usr/lib/crt1.o
LOAD /opt/STM/STLinux-2.4/devkit/armv5/target/usr/lib/crti.o
LOAD /opt/STM/STLinux-2.4/devkit/armv5/lib/gcc/arm-926ejs-linux-gnueabi/4.7.2/crtbegin.o
START GROUP
LOAD applets/built-in.o
LOAD archival/lib.a
LOAD archival/libarchive/lib.a
LOAD console-tools/lib.a
LOAD coreutils/lib.a
LOAD coreutils/libcoreutils/lib.a
LOAD debianutils/lib.a
LOAD e2fsprogs/lib.a
LOAD editors/lib.a
LOAD findutils/lib.a
LOAD init/lib.a
LOAD libbb/lib.a
LOAD libpwdgrp/lib.a
LOAD loginutils/lib.a
LOAD mailutils/lib.a
LOAD miscutils/lib.a
LOAD modutils/lib.a
LOAD networking/lib.a
LOAD networking/libiproute/lib.a
LOAD networking/udhcp/lib.a
LOAD printutils/lib.a
LOAD procps/lib.a
LOAD runit/lib.a
LOAD selinux/lib.a
LOAD shell/lib.a
LOAD sysklogd/lib.a
LOAD util-linux/lib.a
LOAD util-linux/volume_id/lib.a
LOAD archival/built-in.o
LOAD archival/libarchive/built-in.o
LOAD console-tools/built-in.o
LOAD coreutils/built-in.o
LOAD coreutils/libcoreutils/built-in.o
LOAD debianutils/built-in.o
LOAD e2fsprogs/built-in.o
LOAD editors/built-in.o
LOAD findutils/built-in.o
LOAD init/built-in.o
LOAD libbb/built-in.o
LOAD libpwdgrp/built-in.o
LOAD loginutils/built-in.o
LOAD mailutils/built-in.o
LOAD miscutils/built-in.o
LOAD modutils/built-in.o
LOAD networking/built-in.o
LOAD networking/libiproute/built-in.o
LOAD networking/udhcp/built-in.o
LOAD printutils/built-in.o
LOAD procps/built-in.o
LOAD runit/built-in.o
LOAD selinux/built-in.o
LOAD shell/built-in.o
LOAD sysklogd/built-in.o
LOAD util-linux/built-in.o
LOAD util-linux/volume_id/built-in.o
END GROUP
START GROUP
LOAD /opt/STM/STLinux-2.4/devkit/armv5/target/usr/lib/libm.so
END GROUP
LOAD /opt/STM/STLinux-2.4/devkit/armv5/lib/gcc/arm-926ejs-linux-gnueabi/4.7.2/libgcc.a
LOAD /opt/STM/STLinux-2.4/devkit/armv5/lib/gcc/arm-926ejs-linux-gnueabi/4.7.2/libgcc_eh.a
LOAD /opt/STM/STLinux-2.4/devkit/armv5/target/usr/lib/libc.so
START GROUP
LOAD /opt/STM/STLinux-2.4/devkit/armv5/target/lib/libc.so.6
LOAD /opt/STM/STLinux-2.4/devkit/armv5/target/usr/lib/libc_nonshared.a
LOAD /opt/STM/STLinux-2.4/devkit/armv5/target/lib/ld-linux.so.3
END GROUP
LOAD /opt/STM/STLinux-2.4/devkit/armv5/lib/gcc/arm-926ejs-linux-gnueabi/4.7.2/libgcc.a
LOAD /opt/STM/STLinux-2.4/devkit/armv5/lib/gcc/arm-926ejs-linux-gnueabi/4.7.2/libgcc_eh.a
LOAD /opt/STM/STLinux-2.4/devkit/armv5/lib/gcc/arm-926ejs-linux-gnueabi/4.7.2/crtend.o
LOAD /opt/STM/STLinux-2.4/devkit/armv5/target/usr/lib/crtn.o
                0x00008000                PROVIDE (__executable_start, 0x8000)
                0x00008134                . = (0x8000 + SIZEOF_HEADERS)

.interp         0x00008134       0x13
 *(SORT(.interp))
 .interp        0x00008134       0x13 /opt/STM/STLinux-2.4/devkit/armv5/target/usr/lib/crt1.o

.note.ABI-tag   0x00008148       0x20
 .note.ABI-tag  0x00008148       0x20 /opt/STM/STLinux-2.4/devkit/armv5/target/usr/lib/crt1.o

.note.gnu.build-id
 *(SORT(.note.gnu.build-id))

.hash
 *(SORT(.hash))

.gnu.hash       0x00008168      0xb20
 *(SORT(.gnu.hash))
 .gnu.hash      0x00008168      0xb20 /opt/STM/STLinux-2.4/devkit/armv5/target/usr/lib/crt1.o

.dynsym         0x00008c88     0x1850
 *(SORT(.dynsym))
 .dynsym        0x00008c88     0x1850 /opt/STM/STLinux-2.4/devkit/armv5/target/usr/lib/crt1.o

.dynstr         0x0000a4d8      0xce0
 *(SORT(.dynstr))
 .dynstr        0x0000a4d8      0xce0 /opt/STM/STLinux-2.4/devkit/armv5/target/usr/lib/crt1.o

.gnu.version    0x0000b1b8      0x30a
 *(SORT(.gnu.version))
 .gnu.version   0x0000b1b8      0x30a /opt/STM/STLinux-2.4/devkit/armv5/target/usr/lib/crt1.o

.gnu.version_d  0x0000b4c4        0x0
 *(SORT(.gnu.version_d))
 .gnu.version_d
                0x00000000        0x0 /opt/STM/STLinux-2.4/devkit/armv5/target/usr/lib/crt1.o

.gnu.version_r  0x0000b4c4       0x40
 *(SORT(.gnu.version_r))
 .gnu.version_r
                0x0000b4c4       0x40 /opt/STM/STLinux-2.4/devkit/armv5/target/usr/lib/crt1.o

.rel.dyn        0x0000b504       0x58
 *(SORT(.rel.init))
 *(SORT(.rel.text) SORT(.rel.text.*) SORT(.rel.gnu.linkonce.t.*))
 *(SORT(.rel.fini))
 *(SORT(.rel.rodata) SORT(.rel.rodata.*) SORT(.rel.gnu.linkonce.r.*))
 *(SORT(.rel.data.rel.ro) SORT(.rel.data.rel.ro.*) SORT(.rel.gnu.linkonce.d.rel.ro.*))
 *(SORT(.rel.data) SORT(.rel.data.*) SORT(.rel.gnu.linkonce.d.*))
 *(SORT(.rel.tdata) SORT(.rel.tdata.*) SORT(.rel.gnu.linkonce.td.*))
 *(SORT(.rel.tbss) SORT(.rel.tbss.*) SORT(.rel.gnu.linkonce.tb.*))
 *(SORT(.rel.ctors))
 *(SORT(.rel.dtors))
 *(SORT(.rel.got))
 .rel.got       0x0000b504       0x18 /opt/STM/STLinux-2.4/devkit/armv5/target/usr/lib/crt1.o
 *(SORT(.rel.bss) SORT(.rel.bss.*) SORT(.rel.gnu.linkonce.b.*))
 .rel.bss       0x0000b51c       0x40 /opt/STM/STLinux-2.4/devkit/armv5/target/usr/lib/crt1.o
                0x0000b55c                PROVIDE (__rel_iplt_start, .)
 *(SORT(.rel.iplt))
 .rel.iplt      0x00000000        0x0 /opt/STM/STLinux-2.4/devkit/armv5/target/usr/lib/crt1.o
                0x0000b55c                PROVIDE (__rel_iplt_end, .)
                0x0000b55c                PROVIDE (__rela_iplt_start, .)
                0x0000b55c                PROVIDE (__rela_iplt_end, .)

.rela.dyn       0x0000b55c        0x0
 *(SORT(.rela.init))
 *(SORT(.rela.text) SORT(.rela.text.*) SORT(.rela.gnu.linkonce.t.*))
 *(SORT(.rela.fini))
 *(SORT(.rela.rodata) SORT(.rela.rodata.*) SORT(.rela.gnu.linkonce.r.*))
 *(SORT(.rela.data) SORT(.rela.data.*) SORT(.rela.gnu.linkonce.d.*))
 *(SORT(.rela.tdata) SORT(.rela.tdata.*) SORT(.rela.gnu.linkonce.td.*))
 *(SORT(.rela.tbss) SORT(.rela.tbss.*) SORT(.rela.gnu.linkonce.tb.*))
 *(SORT(.rela.ctors))
 *(SORT(.rela.dtors))
 *(SORT(.rela.got))
 *(SORT(.rela.bss) SORT(.rela.bss.*) SORT(.rela.gnu.linkonce.b.*))
                0x0000b55c                PROVIDE (__rel_iplt_start, .)
                0x0000b55c                PROVIDE (__rel_iplt_end, .)
                0x0000b55c                PROVIDE (__rela_iplt_start, .)
 *(SORT(.rela.iplt))
                0x0000b55c                PROVIDE (__rela_iplt_end, .)

.rel.plt        0x0000b55c      0xbb0
 *(SORT(.rel.plt))
 .rel.plt       0x0000b55c      0xbb0 /opt/STM/STLinux-2.4/devkit/armv5/target/usr/lib/crt1.o

.rela.plt
 *(SORT(.rela.plt))

.init           0x0000c10c        0xc
 *(SORT(.init))
 .init          0x0000c10c        0x8 /opt/STM/STLinux-2.4/devkit/armv5/target/usr/lib/crti.o
                0x0000c10c                _init
 .init          0x0000c114        0x4 /opt/STM/STLinux-2.4/devkit/armv5/target/usr/lib/crtn.o

.plt            0x0000c118     0x119c
 *(SORT(.plt))
 .plt           0x0000c118     0x119c /opt/STM/STLinux-2.4/devkit/armv5/target/usr/lib/crt1.o
                0x0000c12c                fdopen@@GLIBC_2.4
                0x0000c138                sched_get_priority_min@@GLIBC_2.4
                0x0000c144                fputs_unlocked@@GLIBC_2.4
                0x0000c150                strstr@@GLIBC_2.4
                0x0000c15c                gnu_dev_major@@GLIBC_2.4
                0x0000c168                ether_hostton@@GLIBC_2.4
                0x0000c174                raise@@GLIBC_2.4
                0x0000c180                lutimes@@GLIBC_2.4
                0x0000c18c                cfmakeraw@@GLIBC_2.4
                0x0000c198                vasprintf@@GLIBC_2.4
                0x0000c1a4                sendfile64@@GLIBC_2.4
                0x0000c1b0                bindresvport@@GLIBC_2.4
                0x0000c1bc                gmtime_r@@GLIBC_2.4
                0x0000c1c8                log@@GLIBC_2.4
                0x0000c1d4                strverscmp@@GLIBC_2.4
                0x0000c1e0                inet_aton@@GLIBC_2.4
                0x0000c1ec                fsync@@GLIBC_2.4
                0x0000c1f8                setbuf@@GLIBC_2.4
                0x0000c204                __res_init@@GLIBC_2.4
                0x0000c210                strcasestr@@GLIBC_2.4
                0x0000c21c                strcmp@@GLIBC_2.4
                0x0000c228                updwtmp@@GLIBC_2.4
                0x0000c234                strtol@@GLIBC_2.4
                0x0000c240                setsockopt@@GLIBC_2.4
                0x0000c24c                strcspn@@GLIBC_2.4
                0x0000c258                times@@GLIBC_2.4
                0x0000c264                gnu_dev_makedev@@GLIBC_2.4
                0x0000c270                dprintf@@GLIBC_2.4
                0x0000c27c                pause@@GLIBC_2.4
                0x0000c288                clearenv@@GLIBC_2.4
                0x0000c294                printf@@GLIBC_2.4
                0x0000c2a0                hstrerror@@GLIBC_2.4
                0x0000c2ac                gnu_dev_minor@@GLIBC_2.4
                0x0000c2b8                getusershell@@GLIBC_2.4
                0x0000c2c4                regerror@@GLIBC_2.4
                0x0000c2d0                setrlimit64@@GLIBC_2.4
                0x0000c2dc                read@@GLIBC_2.4
                0x0000c2e8                tcflush@@GLIBC_2.4
                0x0000c2f4                endutent@@GLIBC_2.4
                0x0000c300                mktime@@GLIBC_2.4
                0x0000c30c                longjmp@@GLIBC_2.4
                0x0000c318                fflush@@GLIBC_2.4
                0x0000c324                if_indextoname@@GLIBC_2.4
                0x0000c330                getuid@@GLIBC_2.4
                0x0000c33c                sigprocmask@@GLIBC_2.4
                0x0000c348                _setjmp@@GLIBC_2.4
                0x0000c354                memmove@@GLIBC_2.4
                0x0000c360                strchrnul@@GLIBC_2.4
                0x0000c36c                free@@GLIBC_2.4
                0x0000c378                pututline@@GLIBC_2.4
                0x0000c384                pmap_set@@GLIBC_2.4
                0x0000c390                nanosleep@@GLIBC_2.4
                0x0000c39c                umount@@GLIBC_2.4
                0x0000c3a8                ferror@@GLIBC_2.4
                0x0000c3b4                inet_pton@@GLIBC_2.4
                0x0000c3c0                _exit@@GLIBC_2.4
                0x0000c3cc                __res_state@@GLIBC_2.4
                0x0000c3d8                memcpy@@GLIBC_2.4
                0x0000c3e4                tcsendbreak@@GLIBC_2.4
                0x0000c3f0                pivot_root@@GLIBC_2.4
                0x0000c3fc                execvp@@GLIBC_2.4
                0x0000c408                execlp@@GLIBC_2.4
                0x0000c414                mmap64@@GLIBC_2.4
                0x0000c420                shmget@@GLIBC_2.4
                0x0000c42c                signal@@GLIBC_2.4
                0x0000c438                time@@GLIBC_2.4
                0x0000c444                rmdir@@GLIBC_2.4
                0x0000c450                gethostid@@GLIBC_2.4
                0x0000c45c                tcsetpgrp@@GLIBC_2.4
                0x0000c468                sendmsg@@GLIBC_2.4
                0x0000c474                pow@@GLIBC_2.4
                0x0000c480                ftruncate64@@GLIBC_2.4
                0x0000c48c                memcmp@@GLIBC_2.4
                0x0000c498                inet_ntoa@@GLIBC_2.4
                0x0000c4a4                select@@GLIBC_2.4
                0x0000c4b0                swapon@@GLIBC_2.4
                0x0000c4bc                sleep@@GLIBC_2.4
                0x0000c4c8                stpcpy@@GLIBC_2.4
                0x0000c4d4                getc_unlocked@@GLIBC_2.4
                0x0000c4e0                uname@@GLIBC_2.4
                0x0000c4ec                ctime@@GLIBC_2.4
                0x0000c4f8                gethostbyaddr@@GLIBC_2.4
                0x0000c504                recvfrom@@GLIBC_2.4
                0x0000c510                strdup@@GLIBC_2.4
                0x0000c51c                cfgetispeed@@GLIBC_2.4
                0x0000c528                alarm@@GLIBC_2.4
                0x0000c534                getrpcbyname@@GLIBC_2.4
                0x0000c540                msgctl@@GLIBC_2.4
                0x0000c54c                sysconf@@GLIBC_2.4
                0x0000c558                unlink@@GLIBC_2.4
                0x0000c564                dup2@@GLIBC_2.4
                0x0000c570                reboot@@GLIBC_2.4
                0x0000c57c                getrlimit64@@GLIBC_2.4
                0x0000c588                realloc@@GLIBC_2.4
                0x0000c594                killpg@@GLIBC_2.4
                0x0000c5a0                strptime@@GLIBC_2.4
                0x0000c5ac                dup@@GLIBC_2.4
                0x0000c5b8                socketpair@@GLIBC_2.4
                0x0000c5c4                getpriority@@GLIBC_2.4
                0x0000c5d0                sigismember@@GLIBC_2.4
                0x0000c5dc                regexec@@GLIBC_2.4
                0x0000c5e8                localtime_r@@GLIBC_2.4
                0x0000c5f4                wait@@GLIBC_2.4
                0x0000c600                getlogin_r@@GLIBC_2.4
                0x0000c60c                shmat@@GLIBC_2.4
                0x0000c618                sigisemptyset@@GLIBC_2.4
                0x0000c624                chdir@@GLIBC_2.4
                0x0000c630                strcasecmp@@GLIBC_2.4
                0x0000c63c                getpgrp@@GLIBC_2.4
                0x0000c648                unlockpt@@GLIBC_2.4
                0x0000c654                geteuid@@GLIBC_2.4
                0x0000c660                strsignal@@GLIBC_2.4
                0x0000c66c                tzset@@GLIBC_2.4
                0x0000c678                poll@@GLIBC_2.4
                0x0000c684                accept@@GLIBC_2.4
                0x0000c690                setgroups@@GLIBC_2.4
                0x0000c69c                cfsetospeed@@GLIBC_2.4
                0x0000c6a8                semop@@GLIBC_2.4
                0x0000c6b4                seteuid@@GLIBC_2.4
                0x0000c6c0                __fxstat64@@GLIBC_2.4
                0x0000c6cc                readlink@@GLIBC_2.4
                0x0000c6d8                getegid@@GLIBC_2.4
                0x0000c6e4                sigaction@@GLIBC_2.4
                0x0000c6f0                fwrite@@GLIBC_2.4
                0x0000c6fc                strcat@@GLIBC_2.4
                0x0000c708                getsockopt@@GLIBC_2.4
                0x0000c714                ioctl@@GLIBC_2.4
                0x0000c720                sched_getscheduler@@GLIBC_2.4
                0x0000c72c                lseek64@@GLIBC_2.4
                0x0000c738                regfree@@GLIBC_2.4
                0x0000c744                strtoll@@GLIBC_2.4
                0x0000c750                usleep@@GLIBC_2.4
                0x0000c75c                readahead@@GLIBC_2.4
                0x0000c768                waitpid@@GLIBC_2.4
                0x0000c774                hasmntopt@@GLIBC_2.4
                0x0000c780                tcsetattr@@GLIBC_2.4
                0x0000c78c                munlock@@GLIBC_2.4
                0x0000c798                strcpy@@GLIBC_2.4
                0x0000c7a4                chroot@@GLIBC_2.4
                0x0000c7b0                gettimeofday@@GLIBC_2.4
                0x0000c7bc                fread@@GLIBC_2.4
                0x0000c7c8                pread64@@GLIBC_2.4
                0x0000c7d4                sched_yield@@GLIBC_2.4
                0x0000c7e0                ptsname_r@@GLIBC_2.4
                0x0000c7ec                shmctl@@GLIBC_2.4
                0x0000c7f8                creat64@@GLIBC_2.4
                0x0000c804                strtok_r@@GLIBC_2.4
                0x0000c810                daemon@@GLIBC_2.4
                0x0000c81c                getmntent@@GLIBC_2.4
                0x0000c828                opendir@@GLIBC_2.4
                0x0000c834                umount2@@GLIBC_2.4
                0x0000c840                fnmatch@@GLIBC_2.4
                0x0000c84c                open64@@GLIBC_2.4
                0x0000c858                sched_get_priority_max@@GLIBC_2.4
                0x0000c864                getenv@@GLIBC_2.4
                0x0000c870                setpriority@@GLIBC_2.4
                0x0000c87c                mkstemp64@@GLIBC_2.4
                0x0000c888                __gnu_Unwind_Find_exidx@@GLIBC_2.4
                0x0000c894                puts@@GLIBC_2.4
                0x0000c8a0                setgid@@GLIBC_2.4
                0x0000c8ac                sysinfo@@GLIBC_2.4
                0x0000c8b8                malloc@@GLIBC_2.4
                0x0000c8d0                settimeofday@@GLIBC_2.4
                0x0000c8dc                sigaddset@@GLIBC_2.4
                0x0000c8e8                __libc_start_main@@GLIBC_2.4
                0x0000c8f4                strerror@@GLIBC_2.4
                0x0000c900                system@@GLIBC_2.4
                0x0000c90c                strftime@@GLIBC_2.4
                0x0000c918                tcdrain@@GLIBC_2.4
                0x0000c924                __h_errno_location@@GLIBC_2.4
                0x0000c930                adjtimex@@GLIBC_2.4
                0x0000c93c                localtime@@GLIBC_2.4
                0x0000c948                strsep@@GLIBC_2.4
                0x0000c954                mktemp@@GLIBC_2.4
                0x0000c960                scanf@@GLIBC_2.4
                0x0000c96c                closelog@@GLIBC_2.4
                0x0000c978                sethostname@@GLIBC_2.4
                0x0000c984                dirname@@GLIBC_2.4
                0x0000c99c                freopen64@@GLIBC_2.4
                0x0000c9a8                mempcpy@@GLIBC_2.4
                0x0000c9b4                rename@@GLIBC_2.4
                0x0000c9c0                getopt_long@@GLIBC_2.4
                0x0000c9cc                kill@@GLIBC_2.4
                0x0000c9d8                getcwd@@GLIBC_2.4
                0x0000c9e4                getpid@@GLIBC_2.4
                0x0000c9f0                exit@@GLIBC_2.4
                0x0000c9fc                syscall@@GLIBC_2.4
                0x0000ca08                sin@@GLIBC_2.4
                0x0000ca14                feof@@GLIBC_2.4
                0x0000ca20                flock@@GLIBC_2.4
                0x0000ca38                strtoul@@GLIBC_2.4
                0x0000ca44                tcgetpgrp@@GLIBC_2.4
                0x0000ca50                strlen@@GLIBC_2.4
                0x0000ca5c                getchar_unlocked@@GLIBC_2.4
                0x0000ca68                setsid@@GLIBC_2.4
                0x0000ca74                vprintf@@GLIBC_2.4
                0x0000ca80                setpgrp@@GLIBC_2.4
                0x0000ca8c                sched_getparam@@GLIBC_2.4
                0x0000ca98                strchr@@GLIBC_2.4
                0x0000caa4                srand@@GLIBC_2.4
                0x0000cab0                setenv@@GLIBC_2.4
                0x0000cabc                personality@@GLIBC_2.4
                0x0000cac8                memrchr@@GLIBC_2.4
                0x0000cad4                ttyname_r@@GLIBC_2.4
                0x0000cae0                fchown@@GLIBC_2.4
                0x0000caec                execve@@GLIBC_2.4
                0x0000caf8                nice@@GLIBC_2.4
                0x0000cb04                getopt@@GLIBC_2.4
                0x0000cb10                fprintf@@GLIBC_2.4
                0x0000cb1c                getpagesize@@GLIBC_2.4
                0x0000cb28                cfsetispeed@@GLIBC_2.4
                0x0000cb34                chown@@GLIBC_2.4
                0x0000cb40                ungetc@@GLIBC_2.4
                0x0000cb4c                fcntl@@GLIBC_2.4
                0x0000cb58                setlinebuf@@GLIBC_2.4
                0x0000cb64                grantpt@@GLIBC_2.4
                0x0000cb70                execv@@GLIBC_2.4
                0x0000cb7c                sqrt@@GLIBC_2.4
                0x0000cb88                cfgetospeed@@GLIBC_2.4
                0x0000cb94                sigfillset@@GLIBC_2.4
                0x0000cba0                __errno_location@@GLIBC_2.4
                0x0000cbac                strncasecmp@@GLIBC_2.4
                0x0000cbb8                getservbyname@@GLIBC_2.4
                0x0000cbc4                klogctl@@GLIBC_2.4
                0x0000cbd0                snprintf@@GLIBC_2.4
                0x0000cbdc                __cxa_atexit@@GLIBC_2.4
                0x0000cbe8                mkdir@@GLIBC_2.4
                0x0000cbf4                semget@@GLIBC_2.4
                0x0000cc00                bind@@GLIBC_2.4
                0x0000cc0c                setvbuf@@GLIBC_2.4
                0x0000cc18                getservbyport@@GLIBC_2.4
                0x0000cc24                getgid@@GLIBC_2.4
                0x0000cc30                memset@@GLIBC_2.4
                0x0000cc3c                getmntent_r@@GLIBC_2.4
                0x0000cc48                bsearch@@GLIBC_2.4
                0x0000cc54                sigtimedwait@@GLIBC_2.4
                0x0000cc60                utimes@@GLIBC_2.4
                0x0000cc6c                putchar@@GLIBC_2.4
                0x0000cc78                strncpy@@GLIBC_2.4
                0x0000cc84                fscanf@@GLIBC_2.4
                0x0000cc90                mallopt@@GLIBC_2.4
                0x0000cc9c                setutent@@GLIBC_2.4
                0x0000cca8                sigsuspend@@GLIBC_2.4
                0x0000ccb4                strtoull@@GLIBC_2.4
                0x0000ccc0                getutent@@GLIBC_2.4
                0x0000cccc                gmtime@@GLIBC_2.4
                0x0000ccd8                wait3@@GLIBC_2.4
                0x0000cce4                strtod@@GLIBC_2.4
                0x0000ccf0                link@@GLIBC_2.4
                0x0000ccfc                write@@GLIBC_2.4
                0x0000cd08                sigdelset@@GLIBC_2.4
                0x0000cd14                fileno@@GLIBC_2.4
                0x0000cd20                mlock@@GLIBC_2.4
                0x0000cd2c                asprintf@@GLIBC_2.4
                0x0000cd38                getopt_long_only@@GLIBC_2.4
                0x0000cd44                ether_aton_r@@GLIBC_2.4
                0x0000cd50                shmdt@@GLIBC_2.4
                0x0000cd5c                vfork@@GLIBC_2.4
                0x0000cd68                memchr@@GLIBC_2.4
                0x0000cd74                vsprintf@@GLIBC_2.4
                0x0000cd80                access@@GLIBC_2.4
                0x0000cd8c                rand@@GLIBC_2.4
                0x0000cd98                setegid@@GLIBC_2.4
                0x0000cda4                fclose@@GLIBC_2.4
                0x0000cdb0                getsid@@GLIBC_2.4
                0x0000cdbc                strnlen@@GLIBC_2.4
                0x0000cdc8                pipe@@GLIBC_2.4
                0x0000cdd4                pmap_unset@@GLIBC_2.4
                0x0000cde0                fseeko64@@GLIBC_2.4
                0x0000cdec                endmntent@@GLIBC_2.4
                0x0000cdf8                ether_ntoa@@GLIBC_2.4
                0x0000ce04                munmap@@GLIBC_2.4
                0x0000ce10                strtok@@GLIBC_2.4
                0x0000ce1c                glob64@@GLIBC_2.4
                0x0000ce28                semctl@@GLIBC_2.4
                0x0000ce34                sendto@@GLIBC_2.4
                0x0000ce40                shutdown@@GLIBC_2.4
                0x0000ce4c                sigemptyset@@GLIBC_2.4
                0x0000ce58                popen@@GLIBC_2.4
                0x0000ce64                fork@@GLIBC_2.4
                0x0000ce70                execle@@GLIBC_2.4
                0x0000ce7c                putenv@@GLIBC_2.4
                0x0000ce88                stime@@GLIBC_2.4
                0x0000ce94                getnameinfo@@GLIBC_2.4
                0x0000cea0                execl@@GLIBC_2.4
                0x0000ceac                strrchr@@GLIBC_2.4
                0x0000ceb8                listen@@GLIBC_2.4
                0x0000cec4                vfprintf@@GLIBC_2.4
                0x0000ced0                delete_module@@GLIBC_2.4
                0x0000cedc                statfs64@@GLIBC_2.4
                0x0000cee8                __sigsetjmp@@GLIBC_2.4
                0x0000cef4                lchown@@GLIBC_2.4
                0x0000cf00                malloc_trim@@GLIBC_2.4
                0x0000cf0c                fputc@@GLIBC_2.4
                0x0000cf18                globfree64@@GLIBC_2.4
                0x0000cf24                syslog@@GLIBC_2.4
                0x0000cf30                setresuid@@GLIBC_2.4
                0x0000cf3c                symlink@@GLIBC_2.4
                0x0000cf48                setuid@@GLIBC_2.4
                0x0000cf54                sscanf@@GLIBC_2.4
                0x0000cf60                setpgid@@GLIBC_2.4
                0x0000cf6c                clearerr@@GLIBC_2.4
                0x0000cf78                sprintf@@GLIBC_2.4
                0x0000cf84                readdir64@@GLIBC_2.4
                0x0000cf90                mkdtemp@@GLIBC_2.4
                0x0000cf9c                openlog@@GLIBC_2.4
                0x0000cfa8                regcomp@@GLIBC_2.4
                0x0000cfb4                getgroups@@GLIBC_2.4
                0x0000cfc0                exp@@GLIBC_2.4
                0x0000cfcc                init_module@@GLIBC_2.4
                0x0000cfd8                getsockname@@GLIBC_2.4
                0x0000cfe4                vsnprintf@@GLIBC_2.4
                0x0000cff0                getppid@@GLIBC_2.4
                0x0000cffc                atoi@@GLIBC_2.4
                0x0000d008                recvmsg@@GLIBC_2.4
                0x0000d014                fchdir@@GLIBC_2.4
                0x0000d020                fopen64@@GLIBC_2.4
                0x0000d02c                qsort@@GLIBC_2.4
                0x0000d038                utmpname@@GLIBC_2.4
                0x0000d044                getpeername@@GLIBC_2.4
                0x0000d050                strpbrk@@GLIBC_2.4
                0x0000d05c                msgget@@GLIBC_2.4
                0x0000d068                freeaddrinfo@@GLIBC_2.4
                0x0000d074                getaddrinfo@@GLIBC_2.4
                0x0000d080                acct@@GLIBC_2.4
                0x0000d08c                inet_ntop@@GLIBC_2.4
                0x0000d098                fgets_unlocked@@GLIBC_2.4
                0x0000d0a4                socket@@GLIBC_2.4
                0x0000d0b0                setmntent@@GLIBC_2.4
                0x0000d0bc                cfsetspeed@@GLIBC_2.4
                0x0000d0c8                atof@@GLIBC_2.4
                0x0000d0d4                inet_addr@@GLIBC_2.4
                0x0000d0e0                __cmsg_nxthdr@@GLIBC_2.4
                0x0000d0ec                sync@@GLIBC_2.4
                0x0000d0f8                getline@@GLIBC_2.4
                0x0000d104                if_nametoindex@@GLIBC_2.4
                0x0000d110                umask@@GLIBC_2.4
                0x0000d11c                swapoff@@GLIBC_2.4
                0x0000d128                chmod@@GLIBC_2.4
                0x0000d134                gethostbyname@@GLIBC_2.4
                0x0000d140                __xstat64@@GLIBC_2.4
                0x0000d14c                isatty@@GLIBC_2.4
                0x0000d158                __xmknod@@GLIBC_2.4
                0x0000d164                unsetenv@@GLIBC_2.4
                0x0000d170                fputs@@GLIBC_2.4
                0x0000d17c                strncmp@@GLIBC_2.4
                0x0000d188                fdatasync@@GLIBC_2.4
                0x0000d194                abort@@GLIBC_2.4
                0x0000d1a0                recv@@GLIBC_2.4
                0x0000d1ac                realpath@@GLIBC_2.4
                0x0000d1b8                siglongjmp@@GLIBC_2.4
                0x0000d1c4                close@@GLIBC_2.4
                0x0000d1d0                __lxstat64@@GLIBC_2.4
                0x0000d1dc                setresgid@@GLIBC_2.4
                0x0000d1e8                mkfifo@@GLIBC_2.4
                0x0000d1f4                send@@GLIBC_2.4
                0x0000d200                connect@@GLIBC_2.4
                0x0000d20c                closedir@@GLIBC_2.4
                0x0000d218                div@@GLIBC_2.4
                0x0000d224                atan2@@GLIBC_2.4
                0x0000d230                sched_setscheduler@@GLIBC_2.4
                0x0000d23c                putchar_unlocked@@GLIBC_2.4
                0x0000d248                strspn@@GLIBC_2.4
                0x0000d254                fchmod@@GLIBC_2.4
                0x0000d260                cos@@GLIBC_2.4
                0x0000d26c                tcgetattr@@GLIBC_2.4
                0x0000d278                putc_unlocked@@GLIBC_2.4
                0x0000d284                tcgetsid@@GLIBC_2.4
                0x0000d290                ftello64@@GLIBC_2.4
                0x0000d29c                pclose@@GLIBC_2.4
                0x0000d2a8                mount@@GLIBC_2.4

.iplt           0x0000d2b4        0x0
 *(SORT(.iplt))
 .iplt          0x00000000        0x0 /opt/STM/STLinux-2.4/devkit/armv5/target/usr/lib/crt1.o

.text           0x0000d2b4    0xc0288
 *(SORT(.text.unlikely) SORT(.text.*_unlikely))
 *(SORT(.text.exit) SORT(.text.exit.*))
 *(SORT(.text.startup) SORT(.text.startup.*))
 *(SORT(.text.hot) SORT(.text.hot.*))
 *(SORT(.text) SORT(.stub) SORT(.text.*) SORT(.gnu.linkonce.t.*))
 .text          0x0000d2b4       0x3c /opt/STM/STLinux-2.4/devkit/armv5/target/usr/lib/crt1.o
                0x0000d2b4                _start
 .text          0x0000d2f0       0x24 /opt/STM/STLinux-2.4/devkit/armv5/target/usr/lib/crti.o
 .text          0x0000d314       0xd4 /opt/STM/STLinux-2.4/devkit/armv5/lib/gcc/arm-926ejs-linux-gnueabi/4.7.2/crtbegin.o
 .text.get_trimmed_slice
                0x0000d3e8       0x40 libbb/lib.a(appletlib.o)
 .text.applet_name_compare
                0x0000d428       0x24 libbb/lib.a(appletlib.o)
 .text.find_applet_by_name
                0x0000d44c       0x2c libbb/lib.a(appletlib.o)
                0x0000d44c                find_applet_by_name
 .text.parse_config_file
                0x0000d478      0x320 libbb/lib.a(appletlib.o)
 .text.bb_show_usage
                0x0000d798       0xf8 libbb/lib.a(appletlib.o)
                0x0000d798                bb_show_usage
 .text.lbb_prepare
                0x0000d890       0x28 libbb/lib.a(appletlib.o)
                0x0000d890                lbb_prepare
 .text.run_applet_no_and_exit
                0x0000d8b8      0x23c libbb/lib.a(appletlib.o)
                0x0000d8b8                run_applet_no_and_exit
 .text.run_applet_and_exit
                0x0000daf4      0x394 libbb/lib.a(appletlib.o)
                0x0000daf4                run_applet_and_exit
 .text.main     0x0000de88       0x84 libbb/lib.a(appletlib.o)
                0x0000de88                main
 .text.concat_path_file
                0x0000df0c       0x68 libbb/lib.a(concat_path_file.o)
                0x0000df0c                concat_path_file
 .text.bb_basename
                0x0000df74       0x20 libbb/lib.a(get_last_path_component.o)
                0x0000df74                bb_basename
 .text.bb_get_last_path_component_nostrip
                0x0000df94       0x3c libbb/lib.a(get_last_path_component.o)
                0x0000df94                bb_get_last_path_component_nostrip
 .text.bb_get_last_path_component_strip
                0x0000dfd0       0x48 libbb/lib.a(get_last_path_component.o)
                0x0000dfd0                bb_get_last_path_component_strip
 .text.last_char_is
                0x0000e018       0x40 libbb/lib.a(last_char_is.o)
                0x0000e018                last_char_is
 .text.llist_add_to
                0x0000e058       0x28 libbb/lib.a(llist.o)
                0x0000e058                llist_add_to
 .text.llist_add_to_end
                0x0000e080       0x34 libbb/lib.a(llist.o)
                0x0000e080                llist_add_to_end
 .text.llist_pop
                0x0000e0b4       0x30 libbb/lib.a(llist.o)
                0x0000e0b4                llist_pop
 .text.llist_unlink
                0x0000e0e4       0x34 libbb/lib.a(llist.o)
                0x0000e0e4                llist_unlink
 .text.llist_free
                0x0000e118       0x38 libbb/lib.a(llist.o)
                0x0000e118                llist_free
 .text.llist_find_str
                0x0000e150       0x38 libbb/lib.a(llist.o)
                0x0000e150                llist_find_str
 .text.bb_perror_msg
                0x0000e188       0x48 libbb/lib.a(perror_msg.o)
                0x0000e188                bb_perror_msg
 .text.bb_perror_msg_and_die
                0x0000e1d0       0x40 libbb/lib.a(perror_msg.o)
                0x0000e1d0                bb_perror_msg_and_die
 .text.bb_simple_perror_msg
                0x0000e210       0x10 libbb/lib.a(perror_msg.o)
                0x0000e210                bb_simple_perror_msg
 .text.bb_simple_perror_msg_and_die
                0x0000e220       0x14 libbb/lib.a(perror_msg.o)
                0x0000e220                bb_simple_perror_msg_and_die
 .text.skip_whitespace
                0x0000e234       0x20 libbb/lib.a(skip_whitespace.o)
                0x0000e234                skip_whitespace
 .text.skip_non_whitespace
                0x0000e254       0x24 libbb/lib.a(skip_whitespace.o)
                0x0000e254                skip_non_whitespace
 .text.skip_dev_pfx
                0x0000e278       0x28 libbb/lib.a(skip_whitespace.o)
                0x0000e278                skip_dev_pfx
 .text.bb_verror_msg
                0x0000e2a0      0x1d0 libbb/lib.a(verror_msg.o)
                0x0000e2a0                bb_verror_msg
 .text.bb_error_msg_and_die
                0x0000e470       0x20 libbb/lib.a(verror_msg.o)
                0x0000e470                bb_error_msg_and_die
 .text.bb_error_msg
                0x0000e490       0x28 libbb/lib.a(verror_msg.o)
                0x0000e490                bb_error_msg
 .text.xfdopen_helper
                0x0000e4b8       0x38 libbb/lib.a(wfopen.o)
 .text.fopen_or_warn
                0x0000e4f0       0x24 libbb/lib.a(wfopen.o)
                0x0000e4f0                fopen_or_warn
 .text.fopen_for_read
                0x0000e514        0xc libbb/lib.a(wfopen.o)
                0x0000e514                fopen_for_read
 .text.xfopen_for_read
                0x0000e520        0xc libbb/lib.a(wfopen.o)
                0x0000e520                xfopen_for_read
 .text.fopen_for_write
                0x0000e52c        0xc libbb/lib.a(wfopen.o)
                0x0000e52c                fopen_for_write
 .text.xfopen_for_write
                0x0000e538        0xc libbb/lib.a(wfopen.o)
                0x0000e538                xfopen_for_write
 .text.xfdopen_for_read
                0x0000e544        0x8 libbb/lib.a(wfopen.o)
                0x0000e544                xfdopen_for_read
 .text.xfdopen_for_write
                0x0000e54c        0xc libbb/lib.a(wfopen.o)
                0x0000e54c                xfdopen_for_write
 .text.xfunc_die
                0x0000e558       0x50 libbb/lib.a(xfunc_die.o)
                0x0000e558                xfunc_die
 .text.wh_helper
                0x0000e5a8       0x50 libbb/lib.a(xfuncs.o)
 .text.ndelay_on
                0x0000e5f8       0x34 libbb/lib.a(xfuncs.o)
                0x0000e5f8                ndelay_on
 .text.ndelay_off
                0x0000e62c       0x34 libbb/lib.a(xfuncs.o)
                0x0000e62c                ndelay_off
 .text.close_on_exec_on
                0x0000e660        0xc libbb/lib.a(xfuncs.o)
                0x0000e660                close_on_exec_on
 .text.strncpy_IFNAMSIZ
                0x0000e66c        0x8 libbb/lib.a(xfuncs.o)
                0x0000e66c                strncpy_IFNAMSIZ
 .text.utoa_to_buf
                0x0000e674       0x90 libbb/lib.a(xfuncs.o)
                0x0000e674                utoa_to_buf
 .text.itoa_to_buf
                0x0000e704       0x28 libbb/lib.a(xfuncs.o)
                0x0000e704                itoa_to_buf
 .text.utoa     0x0000e72c       0x28 libbb/lib.a(xfuncs.o)
                0x0000e72c                utoa
 .text.itoa     0x0000e754       0x28 libbb/lib.a(xfuncs.o)
                0x0000e754                itoa
 .text.bin2hex  0x0000e77c       0x44 libbb/lib.a(xfuncs.o)
                0x0000e77c                bin2hex
 .text.hex2bin  0x0000e7c0       0xec libbb/lib.a(xfuncs.o)
                0x0000e7c0                hex2bin
 .text.bb_putchar_stderr
                0x0000e8ac       0x1c libbb/lib.a(xfuncs.o)
                0x0000e8ac                bb_putchar_stderr
 .text.full_write1_str
                0x0000e8c8       0x20 libbb/lib.a(xfuncs.o)
                0x0000e8c8                full_write1_str
 .text.full_write2_str
                0x0000e8e8       0x20 libbb/lib.a(xfuncs.o)
                0x0000e8e8                full_write2_str
 .text.get_terminal_width_height
                0x0000e908       0xa0 libbb/lib.a(xfuncs.o)
                0x0000e908                get_terminal_width_height
 .text.tcsetattr_stdin_TCSANOW
                0x0000e9a8       0x10 libbb/lib.a(xfuncs.o)
                0x0000e9a8                tcsetattr_stdin_TCSANOW
 .text.safe_waitpid
                0x0000e9b8       0x44 libbb/lib.a(xfuncs.o)
                0x0000e9b8                safe_waitpid
 .text.wait_any_nohang
                0x0000e9fc       0x10 libbb/lib.a(xfuncs.o)
                0x0000e9fc                wait_any_nohang
 .text.wait4pid
                0x0000ea0c       0x54 libbb/lib.a(xfuncs.o)
                0x0000ea0c                wait4pid
 .text.malloc_or_warn
                0x0000ea60       0x3c libbb/lib.a(xfuncs_printf.o)
                0x0000ea60                malloc_or_warn
 .text.xmalloc  0x0000ea9c       0x30 libbb/lib.a(xfuncs_printf.o)
                0x0000ea9c                xmalloc
 .text.xrealloc
                0x0000eacc       0x30 libbb/lib.a(xfuncs_printf.o)
                0x0000eacc                xrealloc
 .text.xzalloc  0x0000eafc       0x24 libbb/lib.a(xfuncs_printf.o)
                0x0000eafc                xzalloc
 .text.xstrdup  0x0000eb20       0x2c libbb/lib.a(xfuncs_printf.o)
                0x0000eb20                xstrdup
 .text.xstrndup
                0x0000eb4c       0x50 libbb/lib.a(xfuncs_printf.o)
                0x0000eb4c                xstrndup
 .text.xfopen   0x0000eb9c       0x24 libbb/lib.a(xfuncs_printf.o)
                0x0000eb9c                xfopen
 .text.xopen3   0x0000ebc0       0x24 libbb/lib.a(xfuncs_printf.o)
                0x0000ebc0                xopen3
 .text.xopen    0x0000ebe4        0xc libbb/lib.a(xfuncs_printf.o)
                0x0000ebe4                xopen
 .text.open3_or_warn
                0x0000ebf0       0x2c libbb/lib.a(xfuncs_printf.o)
                0x0000ebf0                open3_or_warn
 .text.open_or_warn
                0x0000ec1c        0xc libbb/lib.a(xfuncs_printf.o)
                0x0000ec1c                open_or_warn
 .text.xopen_nonblocking
                0x0000ec28        0x8 libbb/lib.a(xfuncs_printf.o)
                0x0000ec28                xopen_nonblocking
 .text.xunlink  0x0000ec30       0x24 libbb/lib.a(xfuncs_printf.o)
                0x0000ec30                xunlink
 .text.xrename  0x0000ec54       0x2c libbb/lib.a(xfuncs_printf.o)
                0x0000ec54                xrename
 .text.rename_or_warn
                0x0000ec80       0x34 libbb/lib.a(xfuncs_printf.o)
                0x0000ec80                rename_or_warn
 .text.xpipe    0x0000ecb4       0x1c libbb/lib.a(xfuncs_printf.o)
                0x0000ecb4                xpipe
 .text.xdup2    0x0000ecd0       0x20 libbb/lib.a(xfuncs_printf.o)
                0x0000ecd0                xdup2
 .text.xmove_fd
                0x0000ecf0       0x20 libbb/lib.a(xfuncs_printf.o)
                0x0000ecf0                xmove_fd
 .text.xwrite   0x0000ed10       0x24 libbb/lib.a(xfuncs_printf.o)
                0x0000ed10                xwrite
 .text.xwrite_str
                0x0000ed34       0x28 libbb/lib.a(xfuncs_printf.o)
                0x0000ed34                xwrite_str
 .text.xclose   0x0000ed5c       0x1c libbb/lib.a(xfuncs_printf.o)
                0x0000ed5c                xclose
 .text.xlseek   0x0000ed78       0x58 libbb/lib.a(xfuncs_printf.o)
                0x0000ed78                xlseek
 .text.xmkstemp
                0x0000edd0       0x24 libbb/lib.a(xfuncs_printf.o)
                0x0000edd0                xmkstemp
 .text.die_if_ferror
                0x0000edf4       0x24 libbb/lib.a(xfuncs_printf.o)
                0x0000edf4                die_if_ferror
 .text.die_if_ferror_stdout
                0x0000ee18       0x18 libbb/lib.a(xfuncs_printf.o)
                0x0000ee18                die_if_ferror_stdout
 .text.fflush_all
                0x0000ee30        0x8 libbb/lib.a(xfuncs_printf.o)
                0x0000ee30                fflush_all
 .text.bb_putchar
                0x0000ee38        0x4 libbb/lib.a(xfuncs_printf.o)
                0x0000ee38                bb_putchar
 .text.xprint_and_close_file
                0x0000ee3c       0x40 libbb/lib.a(xfuncs_printf.o)
                0x0000ee3c                xprint_and_close_file
 .text.xasprintf
                0x0000ee7c       0x40 libbb/lib.a(xfuncs_printf.o)
                0x0000ee7c                xasprintf
 .text.xsetenv  0x0000eebc       0x20 libbb/lib.a(xfuncs_printf.o)
                0x0000eebc                xsetenv
 .text.bb_unsetenv
                0x0000eedc       0x40 libbb/lib.a(xfuncs_printf.o)
                0x0000eedc                bb_unsetenv
 .text.bb_unsetenv_and_free
                0x0000ef1c       0x18 libbb/lib.a(xfuncs_printf.o)
                0x0000ef1c                bb_unsetenv_and_free
 .text.xsetgid  0x0000ef34       0x1c libbb/lib.a(xfuncs_printf.o)
                0x0000ef34                xsetgid
 .text.xsetuid  0x0000ef50       0x1c libbb/lib.a(xfuncs_printf.o)
                0x0000ef50                xsetuid
 .text.xsetegid
                0x0000ef6c       0x1c libbb/lib.a(xfuncs_printf.o)
                0x0000ef6c                xsetegid
 .text.xseteuid
                0x0000ef88       0x1c libbb/lib.a(xfuncs_printf.o)
                0x0000ef88                xseteuid
 .text.xopen_as_uid_gid
                0x0000efa4       0x5c libbb/lib.a(xfuncs_printf.o)
                0x0000efa4                xopen_as_uid_gid
 .text.xchdir   0x0000f000       0x24 libbb/lib.a(xfuncs_printf.o)
                0x0000f000                xchdir
 .text.xchroot  0x0000f024       0x34 libbb/lib.a(xfuncs_printf.o)
                0x0000f024                xchroot
 .text.warn_opendir
                0x0000f058       0x2c libbb/lib.a(xfuncs_printf.o)
                0x0000f058                warn_opendir
 .text.xopendir
                0x0000f084       0x24 libbb/lib.a(xfuncs_printf.o)
                0x0000f084                xopendir
 .text.xsocket  0x0000f0a8       0x1c libbb/lib.a(xfuncs_printf.o)
                0x0000f0a8                xsocket
 .text.xbind    0x0000f0c4       0x1c libbb/lib.a(xfuncs_printf.o)
                0x0000f0c4                xbind
 .text.xlisten  0x0000f0e0       0x1c libbb/lib.a(xfuncs_printf.o)
                0x0000f0e0                xlisten
 .text.xsendto  0x0000f0fc       0x30 libbb/lib.a(xfuncs_printf.o)
                0x0000f0fc                xsendto
 .text.xstat    0x0000f12c       0x24 libbb/lib.a(xfuncs_printf.o)
                0x0000f12c                xstat
 .text.xfstat   0x0000f150       0x1c libbb/lib.a(xfuncs_printf.o)
                0x0000f150                xfstat
 .text.ioctl_or_perror_and_die
                0x0000f16c       0x50 libbb/lib.a(xfuncs_printf.o)
                0x0000f16c                ioctl_or_perror_and_die
 .text.ioctl_or_perror
                0x0000f1bc       0x50 libbb/lib.a(xfuncs_printf.o)
                0x0000f1bc                ioctl_or_perror
 .text.bb_ioctl_or_warn
                0x0000f20c       0x24 libbb/lib.a(xfuncs_printf.o)
                0x0000f20c                bb_ioctl_or_warn
 .text.bb_xioctl
                0x0000f230       0x1c libbb/lib.a(xfuncs_printf.o)
                0x0000f230                bb_xioctl
 .text.xmalloc_ttyname
                0x0000f24c       0x34 libbb/lib.a(xfuncs_printf.o)
                0x0000f24c                xmalloc_ttyname
 .text.generate_uuid
                0x0000f280       0xa4 libbb/lib.a(xfuncs_printf.o)
                0x0000f280                generate_uuid
 .text.xfork    0x0000f324       0x1c libbb/lib.a(xfuncs_printf.o)
                0x0000f324                xfork
 .text.xmalloc_readlink
                0x0000f340       0x64 libbb/lib.a(xreadlink.o)
                0x0000f340                xmalloc_readlink
 .text.xmalloc_follow_symlinks
                0x0000f3a4       0xc0 libbb/lib.a(xreadlink.o)
                0x0000f3a4                xmalloc_follow_symlinks
 .text.xmalloc_readlink_or_warn
                0x0000f464       0x58 libbb/lib.a(xreadlink.o)
                0x0000f464                xmalloc_readlink_or_warn
 .text.xmalloc_realpath
                0x0000f4bc        0x8 libbb/lib.a(xreadlink.o)
                0x0000f4bc                xmalloc_realpath
 .text.bb_full_fd_action
                0x0000f4c4      0x18c libbb/lib.a(copyfd.o)
 .text.bb_copyfd_size
                0x0000f650       0x28 libbb/lib.a(copyfd.o)
                0x0000f650                bb_copyfd_size
 .text.bb_copyfd_exact_size
                0x0000f678       0x58 libbb/lib.a(copyfd.o)
                0x0000f678                bb_copyfd_exact_size
 .text.bb_copyfd_eof
                0x0000f6d0        0xc libbb/lib.a(copyfd.o)
                0x0000f6d0                bb_copyfd_eof
 .text.full_write
                0x0000f6dc       0x58 libbb/lib.a(full_write.o)
                0x0000f6dc                full_write
 .text.safe_read
                0x0000f734       0x44 libbb/lib.a(read.o)
                0x0000f734                safe_read
 .text.full_read
                0x0000f778       0x5c libbb/lib.a(read.o)
                0x0000f778                full_read
 .text.read_close
                0x0000f7d4       0x20 libbb/lib.a(read.o)
                0x0000f7d4                read_close
 .text.open_read_close
                0x0000f7f4       0x2c libbb/lib.a(read.o)
                0x0000f7f4                open_read_close
 .text.safe_write
                0x0000f820       0x44 libbb/lib.a(safe_write.o)
                0x0000f820                safe_write
 .text.strftime_fmt
                0x0000f864       0x44 libbb/lib.a(time.o)
 .text.parse_datestr
                0x0000f8a8      0x470 libbb/lib.a(time.o)
                0x0000f8a8                parse_datestr
 .text.validate_tm_time
                0x0000fd18       0x28 libbb/lib.a(time.o)
                0x0000fd18                validate_tm_time
 .text.strftime_HHMMSS
                0x0000fd40        0xc libbb/lib.a(time.o)
                0x0000fd40                strftime_HHMMSS
 .text.strftime_YYYYMMDDHHMMSS
                0x0000fd4c        0xc libbb/lib.a(time.o)
                0x0000fd4c                strftime_YYYYMMDDHHMMSS
 .text.monotonic_us
                0x0000fd58       0x30 libbb/lib.a(time.o)
                0x0000fd58                monotonic_us
 .text.monotonic_ms
                0x0000fd88       0x40 libbb/lib.a(time.o)
                0x0000fd88                monotonic_ms
 .text.monotonic_sec
                0x0000fdc8        0x8 libbb/lib.a(time.o)
                0x0000fdc8                monotonic_sec
 .text.handle_errors.isra.0
                0x0000fdd0       0x64 libbb/lib.a(bb_strtonum.o)
 .text.bb_strtoull
                0x0000fe34       0x68 libbb/lib.a(bb_strtonum.o)
                0x0000fe34                bb_strtoull
 .text.bb_strtoll
                0x0000fe9c       0x7c libbb/lib.a(bb_strtonum.o)
                0x0000fe9c                bb_strtoll
 .text.bb_strtoul
                0x0000ff18       0x68 libbb/lib.a(bb_strtonum.o)
                0x0000ff18                bb_strtoul
 .text.bb_strtol
                0x0000ff80       0x78 libbb/lib.a(bb_strtonum.o)
                0x0000ff80                bb_strtol
 .text.bb__pgsreader
                0x0000fff8      0x100 libpwdgrp/lib.a(pwd_grp.o)
 .text.getgrouplist_internal
                0x000100f8       0xd8 libpwdgrp/lib.a(pwd_grp.o)
 .text.bb__parsegrent
                0x000101d0      0x174 libpwdgrp/lib.a(pwd_grp.o)
 .text.bb__parsepwent
                0x00010344       0x98 libpwdgrp/lib.a(pwd_grp.o)
 .text.bb__parsespent
                0x000103dc       0xa4 libpwdgrp/lib.a(pwd_grp.o)
 .text.get_S    0x00010480       0x2c libpwdgrp/lib.a(pwd_grp.o)
 .text.bb_internal_getpwnam_r
                0x000104ac       0x9c libpwdgrp/lib.a(pwd_grp.o)
                0x000104ac                bb_internal_getpwnam_r
 .text.bb_internal_getgrnam_r
                0x00010548       0x9c libpwdgrp/lib.a(pwd_grp.o)
                0x00010548                bb_internal_getgrnam_r
 .text.bb_internal_getspnam_r
                0x000105e4       0x9c libpwdgrp/lib.a(pwd_grp.o)
                0x000105e4                bb_internal_getspnam_r
 .text.bb_internal_getpwuid_r
                0x00010680       0x94 libpwdgrp/lib.a(pwd_grp.o)
                0x00010680                bb_internal_getpwuid_r
 .text.bb_internal_getgrgid_r
                0x00010714       0x94 libpwdgrp/lib.a(pwd_grp.o)
                0x00010714                bb_internal_getgrgid_r
 .text.bb_internal_getpwuid
                0x000107a8       0x34 libpwdgrp/lib.a(pwd_grp.o)
                0x000107a8                bb_internal_getpwuid
 .text.bb_internal_getgrgid
                0x000107dc       0x38 libpwdgrp/lib.a(pwd_grp.o)
                0x000107dc                bb_internal_getgrgid
 .text.bb_internal_getpwnam
                0x00010814       0x34 libpwdgrp/lib.a(pwd_grp.o)
                0x00010814                bb_internal_getpwnam
 .text.bb_internal_getgrnam
                0x00010848       0x38 libpwdgrp/lib.a(pwd_grp.o)
                0x00010848                bb_internal_getgrnam
 .text.bb_internal_getpwent_r
                0x00010880       0x90 libpwdgrp/lib.a(pwd_grp.o)
                0x00010880                bb_internal_getpwent_r
 .text.bb_internal_endgrent
                0x00010910       0x28 libpwdgrp/lib.a(pwd_grp.o)
                0x00010910                bb_internal_endgrent
 .text.bb_internal_initgroups
                0x00010938       0x3c libpwdgrp/lib.a(pwd_grp.o)
                0x00010938                bb_internal_initgroups
 .text.bb_internal_getgrouplist
                0x00010974       0x60 libpwdgrp/lib.a(pwd_grp.o)
                0x00010974                bb_internal_getgrouplist
 .text.get_uidgid
                0x000109d4      0x130 libpwdgrp/lib.a(uidgid_get.o)
                0x000109d4                get_uidgid
 .text.xget_uidgid
                0x00010b04       0x28 libpwdgrp/lib.a(uidgid_get.o)
                0x00010b04                xget_uidgid
 .text.parse_chown_usergroup_or_die
                0x00010b2c       0x98 libpwdgrp/lib.a(uidgid_get.o)
                0x00010b2c                parse_chown_usergroup_or_die
 .text.add_remove_shell_main
                0x00010bc4      0x154 loginutils/lib.a(add-remove-shell.o)
                0x00010bc4                add_remove_shell_main
 .text.addgroup_main
                0x00010d18      0x23c loginutils/lib.a(addgroup.o)
                0x00010d18                addgroup_main
 .text.addgroup_wrapper
                0x00010f54       0x7c loginutils/lib.a(adduser.o)
 .text.adduser_main
                0x00010fd0      0x450 loginutils/lib.a(adduser.o)
                0x00010fd0                adduser_main
 .text.chpasswd_main
                0x00011420      0x1a4 loginutils/lib.a(chpasswd.o)
                0x00011420                chpasswd_main
 .text.cryptpw_main
                0x000115c4      0x13c loginutils/lib.a(cryptpw.o)
                0x000115c4                cryptpw_main
 .text.deluser_main
                0x00011700      0x180 loginutils/lib.a(deluser.o)
                0x00011700                deluser_main
 .text.bcode    0x00011880       0x20 loginutils/lib.a(getty.o)
 .text.set_tty_attrs
                0x000118a0       0x2c loginutils/lib.a(getty.o)
 .text.finalize_tty_attrs
                0x000118cc       0x88 loginutils/lib.a(getty.o)
 .text.alarm_handler
                0x00011954       0x10 loginutils/lib.a(getty.o)
 .text.getty_main
                0x00011964      0x7b0 loginutils/lib.a(getty.o)
                0x00011964                getty_main
 .text.alarm_handler
                0x00012114       0x3c loginutils/lib.a(login.o)
 .text.login_main
                0x00012150      0x570 loginutils/lib.a(login.o)
                0x00012150                login_main
 .text.passwd_main
                0x000126c0      0x484 loginutils/lib.a(passwd.o)
                0x000126c0                passwd_main
 .text.su_main  0x00012b44      0x24c loginutils/lib.a(su.o)
                0x00012b44                su_main
 .text.sulogin_main
                0x00012d90      0x1a4 loginutils/lib.a(sulogin.o)
                0x00012d90                sulogin_main
 .text.acquire_vt
                0x00012f34       0x14 loginutils/lib.a(vlock.o)
 .text.release_vt
                0x00012f48       0x28 loginutils/lib.a(vlock.o)
 .text.vlock_main
                0x00012f70      0x1cc loginutils/lib.a(vlock.o)
                0x00012f70                vlock_main
 .text.makemime_main
                0x0001313c      0x1b4 mailutils/lib.a(makemime.o)
                0x0001313c                makemime_main
 .text.pop3_checkr
                0x000132f0       0xa0 mailutils/lib.a(popmaildir.o)
 .text.pop3_check
                0x00013390        0x8 mailutils/lib.a(popmaildir.o)
 .text.popmaildir_main
                0x00013398      0x3e8 mailutils/lib.a(popmaildir.o)
                0x00013398                popmaildir_main
 .text.find_token
                0x00013780       0x50 mailutils/lib.a(reformime.o)
 .text.parse    0x000137d0      0x490 mailutils/lib.a(reformime.o)
 .text.reformime_main
                0x00013c60       0xb0 mailutils/lib.a(reformime.o)
                0x00013c60                reformime_main
 .text.smtp_checkp
                0x00013d10       0xdc mailutils/lib.a(sendmail.o)
 .text.rcptto   0x00013dec       0x44 mailutils/lib.a(sendmail.o)
 .text.smtp_check
                0x00013e30        0xc mailutils/lib.a(sendmail.o)
 .text.sane_address
                0x00013e3c       0x70 mailutils/lib.a(sendmail.o)
 .text.angle_address
                0x00013eac       0x48 mailutils/lib.a(sendmail.o)
 .text.rcptto_list
                0x00013ef4       0xa4 mailutils/lib.a(sendmail.o)
 .text.send_r_n
                0x00013f98       0x44 mailutils/lib.a(sendmail.o)
 .text.sendmail_main
                0x00013fdc      0x598 mailutils/lib.a(sendmail.o)
                0x00013fdc                sendmail_main
 .text.kill_helper
                0x00014574       0x30 mailutils/lib.a(mail.o)
 .text.signal_handler
                0x000145a4       0x8c mailutils/lib.a(mail.o)
 .text.launch_helper
                0x00014630       0xfc mailutils/lib.a(mail.o)
                0x00014630                launch_helper
 .text.send_mail_command
                0x0001472c       0x78 mailutils/lib.a(mail.o)
                0x0001472c                send_mail_command
 .text.encode_base64
                0x000147a4      0x140 mailutils/lib.a(mail.o)
                0x000147a4                encode_base64
 .text.get_cred_or_die
                0x000148e4       0xac mailutils/lib.a(mail.o)
                0x000148e4                get_cred_or_die
 .text.adjtimex_main
                0x00014990      0x1e0 miscutils/lib.a(adjtimex.o)
                0x00014990                adjtimex_main
 .text.beep_main
                0x00014b70      0x174 miscutils/lib.a(beep.o)
                0x00014b70                beep_main
 .text.signal_handler
                0x00014ce4       0x14 miscutils/lib.a(chat.o)
 .text.unescape
                0x00014cf8       0xd4 miscutils/lib.a(chat.o)
 .text.chat_main
                0x00014dcc      0x5bc miscutils/lib.a(chat.o)
                0x00014dcc                chat_main
 .text.show_min_max
                0x00015388       0x50 miscutils/lib.a(chrt.o)
 .text.chrt_main
                0x000153d8      0x1bc miscutils/lib.a(chrt.o)
                0x000153d8                chrt_main
 .text.create_cdev_if_doesnt_exist
                0x00015594       0x5c miscutils/lib.a(conspy.o)
 .text.start_shell_in_child
                0x000155f0       0xf8 miscutils/lib.a(conspy.o)
 .text.putcsi   0x000156e8       0x30 miscutils/lib.a(conspy.o)
 .text.set_cursor
                0x00015718       0x48 miscutils/lib.a(conspy.o)
 .text.gotoxy   0x00015760       0x44 miscutils/lib.a(conspy.o)
 .text.screen_char
                0x000157a4      0x140 miscutils/lib.a(conspy.o)
 .text.screen_dump
                0x000158e4       0xe8 miscutils/lib.a(conspy.o)
 .text.cleanup  0x000159cc       0x68 miscutils/lib.a(conspy.o)
 .text.screen_read_close
                0x00015a34      0x12c miscutils/lib.a(conspy.o)
 .text.conspy_main
                0x00015b60      0x60c miscutils/lib.a(conspy.o)
                0x00015b60                conspy_main
 .text.crondlog
                0x0001616c       0x5c miscutils/lib.a(crond.o)
 .text.log8     0x000161c8       0x28 miscutils/lib.a(crond.o)
 .text.log5     0x000161f0       0x28 miscutils/lib.a(crond.o)
 .text.reopen_logfile_to_stderr
                0x00016218       0x4c miscutils/lib.a(crond.o)
 .text.delete_cronfile
                0x00016264       0xb0 miscutils/lib.a(crond.o)
 .text.ParseField
                0x00016314      0x248 miscutils/lib.a(crond.o)
 .text.fork_job
                0x0001655c      0x1fc miscutils/lib.a(crond.o)
 .text.log7.constprop.0
                0x00016758       0x2c miscutils/lib.a(crond.o)
 .text.load_crontab
                0x00016784      0x394 miscutils/lib.a(crond.o)
 .text.rescan_crontab_dir
                0x00016b18       0xf8 miscutils/lib.a(crond.o)
 .text.crond_main
                0x00016c10      0x778 miscutils/lib.a(crond.o)
                0x00016c10                crond_main
 .text.edit_file
                0x00017388       0xa0 miscutils/lib.a(crontab.o)
 .text.crontab_main
                0x00017428      0x2b4 miscutils/lib.a(crontab.o)
                0x00017428                crontab_main
 .text.pop      0x000176dc       0x98 miscutils/lib.a(dc.o)
 .text.push     0x00017774       0xa4 miscutils/lib.a(dc.o)
 .text.divide   0x00017818       0x28 miscutils/lib.a(dc.o)
 .text.mul      0x00017840       0x30 miscutils/lib.a(dc.o)
 .text.sub      0x00017870       0x28 miscutils/lib.a(dc.o)
 .text.add      0x00017898       0x30 miscutils/lib.a(dc.o)
 .text.eor      0x000178c8       0x40 miscutils/lib.a(dc.o)
 .text.not      0x00017908       0x20 miscutils/lib.a(dc.o)
 .text.or       0x00017928       0x40 miscutils/lib.a(dc.o)
 .text.and      0x00017968       0x40 miscutils/lib.a(dc.o)
 .text.mod      0x000179a8       0x54 miscutils/lib.a(dc.o)
 .text.stack_machine
                0x000179fc       0xac miscutils/lib.a(dc.o)
 .text.set_output_base
                0x00017aa8       0x74 miscutils/lib.a(dc.o)
 .text.print_base
                0x00017b1c      0x110 miscutils/lib.a(dc.o)
 .text.print_stack_no_pop
                0x00017c2c       0x84 miscutils/lib.a(dc.o)
 .text.print_no_pop
                0x00017cb0       0x6c miscutils/lib.a(dc.o)
 .text.power    0x00017d1c       0x28 miscutils/lib.a(dc.o)
 .text.dc_main  0x00017d44       0x80 miscutils/lib.a(dc.o)
                0x00017d44                dc_main
 .text.devmem_main
                0x00017dc4      0x238 miscutils/lib.a(devmem.o)
                0x00017dc4                devmem_main
 .text.eject_main
                0x00017ffc      0x1bc miscutils/lib.a(eject.o)
                0x00017ffc                eject_main
 .text.fb_pixel_value
                0x000181b8       0x7c miscutils/lib.a(fbsplash.o)
 .text.fb_write_pixel
                0x00018234       0x4c miscutils/lib.a(fbsplash.o)
 .text.fb_drawfullrectangle
                0x00018280       0x88 miscutils/lib.a(fbsplash.o)
 .text.fb_drawprogressbar
                0x00018308      0x210 miscutils/lib.a(fbsplash.o)
 .text.fb_setpal
                0x00018518       0xac miscutils/lib.a(fbsplash.o)
 .text.fbsplash_main
                0x000185c4      0x4a0 miscutils/lib.a(fbsplash.o)
                0x000185c4                fbsplash_main
 .text.parse_opts
                0x00018a64       0x34 miscutils/lib.a(hdparm.o)
 .text.parse_opts_0_1
                0x00018a98        0xc miscutils/lib.a(hdparm.o)
 .text.parse_opts_0_max
                0x00018aa4        0xc miscutils/lib.a(hdparm.o)
 .text.parse_opts_0_INTMAX
                0x00018ab0        0xc miscutils/lib.a(hdparm.o)
 .text.parse_xfermode
                0x00018abc       0xbc miscutils/lib.a(hdparm.o)
 .text.read_big_block
                0x00018b78       0x38 miscutils/lib.a(hdparm.o)
 .text.xprint_ascii
                0x00018bb0       0x90 miscutils/lib.a(hdparm.o)
 .text.mode_loop
                0x00018c40       0x88 miscutils/lib.a(hdparm.o)
 .text.print_flag
                0x00018cc8       0x14 miscutils/lib.a(hdparm.o)
 .text.on_off   0x00018cdc       0x20 miscutils/lib.a(hdparm.o)
 .text.print_flag_on_off
                0x00018cfc       0x28 miscutils/lib.a(hdparm.o)
 .text.print_value_on_off
                0x00018d24       0x30 miscutils/lib.a(hdparm.o)
 .text.identify
                0x00018d54     0x1294 miscutils/lib.a(hdparm.o)
 .text.identify_from_stdin
                0x00019fe8       0xa0 miscutils/lib.a(hdparm.o)
 .text.dump_identity
                0x0001a088      0x4b4 miscutils/lib.a(hdparm.o)
 .text.seek_to_zero
                0x0001a53c       0x20 miscutils/lib.a(hdparm.o)
 .text.flush_buffer_cache
                0x0001a55c       0x74 miscutils/lib.a(hdparm.o)
 .text.do_time  0x0001a5d0      0x208 miscutils/lib.a(hdparm.o)
 .text.ioctl_alt_func.constprop.0
                0x0001a7d8       0x48 miscutils/lib.a(hdparm.o)
 .text.bus_state_value
                0x0001a820       0x44 miscutils/lib.a(hdparm.o)
 .text.process_dev
                0x0001a864     0x16a4 miscutils/lib.a(hdparm.o)
 .text.hdparm_main
                0x0001bf08      0x934 miscutils/lib.a(hdparm.o)
                0x0001bf08                hdparm_main
 .text.ionice_main
                0x0001c83c      0x174 miscutils/lib.a(ionice.o)
                0x0001c83c                ionice_main
 .text.show_entry
                0x0001c9b0      0x18c miscutils/lib.a(last_fancy.o)
 .text.last_main
                0x0001cb3c      0x378 miscutils/lib.a(last_fancy.o)
                0x0001cb3c                last_main
 .text.opp_bracket
                0x0001ceb4       0x60 miscutils/lib.a(less.o)
 .text.sigwinch_handler
                0x0001cf14       0x1c miscutils/lib.a(less.o)
 .text.clear_line
                0x0001cf30       0x20 miscutils/lib.a(less.o)
 .text.print_statusline
                0x0001cf50       0x34 miscutils/lib.a(less.o)
 .text.move_cursor
                0x0001cf84       0x18 miscutils/lib.a(less.o)
 .text.print_hilite
                0x0001cf9c       0x10 miscutils/lib.a(less.o)
 .text.m_status_print
                0x0001cfac       0xfc miscutils/lib.a(less.o)
 .text.fill_match_lines
                0x0001d0a8       0xb0 miscutils/lib.a(less.o)
 .text.read_lines
                0x0001d158      0x3d4 miscutils/lib.a(less.o)
 .text.re_wrap  0x0001d52c      0x1d0 miscutils/lib.a(less.o)
 .text.lineno_str
                0x0001d6fc       0x9c miscutils/lib.a(less.o)
 .text.set_tty_cooked
                0x0001d798       0x28 miscutils/lib.a(less.o)
 .text.less_exit
                0x0001d7c0       0x28 miscutils/lib.a(less.o)
 .text.sig_catcher
                0x0001d7e8        0xc miscutils/lib.a(less.o)
 .text.status_print
                0x0001d7f4       0xa4 miscutils/lib.a(less.o)
 .text.buffer_print
                0x0001d898      0x350 miscutils/lib.a(less.o)
 .text.buffer_fill_and_print
                0x0001dbe8       0xec miscutils/lib.a(less.o)
 .text.reinitialize
                0x0001dcd4       0xd8 miscutils/lib.a(less.o)
 .text.change_file
                0x0001ddac       0x90 miscutils/lib.a(less.o)
 .text.buffer_down
                0x0001de3c       0x84 miscutils/lib.a(less.o)
 .text.buffer_up
                0x0001dec0       0x34 miscutils/lib.a(less.o)
 .text.buffer_line
                0x0001def4       0x44 miscutils/lib.a(less.o)
 .text.goto_match
                0x0001df38       0x7c miscutils/lib.a(less.o)
 .text.getch_nowait
                0x0001dfb4      0x198 miscutils/lib.a(less.o)
 .text.less_getch
                0x0001e14c       0x48 miscutils/lib.a(less.o)
 .text.less_gets
                0x0001e194       0xd0 miscutils/lib.a(less.o)
 .text.examine_file
                0x0001e264       0x8c miscutils/lib.a(less.o)
 .text.regex_process
                0x0001e2f0      0x138 miscutils/lib.a(less.o)
 .text.less_main
                0x0001e428      0xc2c miscutils/lib.a(less.o)
                0x0001e428                less_main
 .text.makedevs_main
                0x0001f054      0x420 miscutils/lib.a(makedevs.o)
                0x0001f054                makedevs_main
 .text.add_MANPATH
                0x0001f474       0xc8 miscutils/lib.a(man.o)
 .text.run_pipe
                0x0001f53c      0x1b0 miscutils/lib.a(man.o)
 .text.show_manpage
                0x0001f6ec       0xf0 miscutils/lib.a(man.o)
 .text.man_main
                0x0001f7dc      0x380 miscutils/lib.a(man.o)
                0x0001f7dc                man_main
 .text.xget1    0x0001fb5c       0x44 miscutils/lib.a(microcom.o)
 .text.xset1    0x0001fba0       0x38 miscutils/lib.a(microcom.o)
 .text.microcom_main
                0x0001fbd8      0x318 miscutils/lib.a(microcom.o)
                0x0001fbd8                microcom_main
 .text.mountpoint_main
                0x0001fef0      0x214 miscutils/lib.a(mountpoint.o)
                0x0001fef0                mountpoint_main
 .text.mt_main  0x00020104      0x144 miscutils/lib.a(mt.o)
                0x00020104                mt_main
 .text.next_good_eraseblock
                0x00020248       0xa4 miscutils/lib.a(nandwrite.o)
 .text.dump_bad
                0x000202ec       0x8c miscutils/lib.a(nandwrite.o)
 .text.nandwrite_main
                0x00020378      0x4fc miscutils/lib.a(nandwrite.o)
                0x00020378                nandwrite_main
 .text.raidautorun_main
                0x00020874       0x34 miscutils/lib.a(raidautorun.o)
                0x00020874                raidautorun_main
 .text.readahead_main
                0x000208a8       0xa4 miscutils/lib.a(readahead.o)
                0x000208a8                readahead_main
 .text.runlevel_main
                0x0002094c       0x98 miscutils/lib.a(runlevel.o)
                0x0002094c                runlevel_main
 .text.sigalrm_handler
                0x000209e4        0x4 miscutils/lib.a(rx.o)
 .text.read_byte
                0x000209e8       0x34 miscutils/lib.a(rx.o)
 .text.rx_main  0x00020a1c      0x404 miscutils/lib.a(rx.o)
                0x00020a1c                rx_main
 .text.serial_open
                0x00020e20       0x38 miscutils/lib.a(setserial.o)
 .text.index_in_strings_case_insensitive
                0x00020e58       0x54 miscutils/lib.a(setserial.o)
 .text.get_numeric
                0x00020eac        0xc miscutils/lib.a(setserial.o)
 .text.serial_ctl
                0x00020eb8       0xc0 miscutils/lib.a(setserial.o)
 .text.print_flag
                0x00020f78       0x2c miscutils/lib.a(setserial.o)
 .text.setserial_main
                0x00020fa4      0x5c0 miscutils/lib.a(setserial.o)
                0x00020fa4                setserial_main
 .text.setsid_main
                0x00021564       0x44 miscutils/lib.a(setsid.o)
                0x00021564                setsid_main
 .text.strings_main
                0x000215a8      0x1d4 miscutils/lib.a(strings.o)
                0x000215a8                strings_main
 .text.ptok     0x0002177c       0x30 miscutils/lib.a(time.o)
 .text.run_command
                0x000217ac       0xe4 miscutils/lib.a(time.o)
 .text.time_main
                0x00021890      0x638 miscutils/lib.a(time.o)
                0x00021890                time_main
 .text.timeout_main
                0x00021ec8      0x164 miscutils/lib.a(timeout.o)
                0x00021ec8                timeout_main
 .text.ttysize_main
                0x0002202c       0xa4 miscutils/lib.a(ttysize.o)
                0x0002202c                ttysize_main
 .text.get_num_from_file
                0x000220d0       0x7c miscutils/lib.a(ubi_tools.o)
 .text.ubi_tools_main
                0x0002214c      0x51c miscutils/lib.a(ubi_tools.o)
                0x0002214c                ubi_tools_main
 .text.volname_main
                0x00022668       0x7c miscutils/lib.a(volname.o)
                0x00022668                volname_main
 .text.wall_main
                0x000226e4       0x8c miscutils/lib.a(wall.o)
                0x000226e4                wall_main
 .text.watchdog_shutdown
                0x00022770       0x40 miscutils/lib.a(watchdog.o)
 .text.watchdog_main
                0x000227b0      0x148 miscutils/lib.a(watchdog.o)
                0x000227b0                watchdog_main
 .text.display  0x000228f8       0x68 modutils/lib.a(modinfo.o)
 .text.modinfo  0x00022960      0x19c modutils/lib.a(modinfo.o)
 .text.modinfo_main
                0x00022afc      0x184 modutils/lib.a(modinfo.o)
                0x00022afc                modinfo_main
 .text.reset_stringbuf
                0x00022c80       0x18 modutils/lib.a(modprobe-small.o)
 .text.replace  0x00022c98       0x1c modutils/lib.a(modprobe-small.o)
 .text.load_module
                0x00022cb4       0x58 modutils/lib.a(modprobe-small.o)
 .text.moderror
                0x00022d0c       0x60 modutils/lib.a(modprobe-small.o)
 .text.load_dep_bb
                0x00022d6c      0x13c modutils/lib.a(modprobe-small.o)
 .text.pathname_matches_modname
                0x00022ea8       0x60 modutils/lib.a(modprobe-small.o)
 .text.find_keyword
                0x00022f08       0x90 modutils/lib.a(modprobe-small.o)
 .text.append   0x00022f98       0x70 modutils/lib.a(modprobe-small.o)
 .text.copy_stringbuf
                0x00023008       0x2c modutils/lib.a(modprobe-small.o)
 .text.rmmod    0x00023034       0x90 modutils/lib.a(modprobe-small.o)
 .text.str_2_list
                0x000230c4       0x48 modutils/lib.a(modprobe-small.o)
 .text.parse_module
                0x0002310c      0x1bc modutils/lib.a(modprobe-small.o)
 .text.find_alias
                0x000232c8      0x31c modutils/lib.a(modprobe-small.o)
 .text.process_module
                0x000235e4      0x33c modutils/lib.a(modprobe-small.o)
 .text.fileAction
                0x00023920       0xd0 modutils/lib.a(modprobe-small.o)
 .text.modprobe_main
                0x000239f0      0x244 modutils/lib.a(modprobe-small.o)
                0x000239f0                modprobe_main
 .text.filename2modname
                0x00023c34       0x6c modutils/lib.a(modutils.o)
                0x00023c34                filename2modname
 .text.arp_show
                0x00023ca0      0x3c4 networking/lib.a(arp.o)
 .text.arp_main
                0x00024064      0x7d0 networking/lib.a(arp.o)
                0x00024064                arp_main
 .text.finish   0x00024834      0x148 networking/lib.a(arping.o)
 .text.catcher  0x0002497c      0x2e0 networking/lib.a(arping.o)
 .text.arping_main
                0x00024c5c      0xac4 networking/lib.a(arping.o)
                0x00024c5c                arping_main
 .text.brctl_main
                0x00025720      0x524 networking/lib.a(brctl.o)
                0x00025720                brctl_main
 .text.undot    0x00025c44       0x3c networking/lib.a(dnsd.o)
 .text.dnsd_main
                0x00025c80      0x694 networking/lib.a(dnsd.o)
                0x00025c80                dnsd_main
 .text.ether_wake_main
                0x00026314      0x2d8 networking/lib.a(ether-wake.o)
                0x00026314                ether_wake_main
 .text.replace_char
                0x000265ec       0x2c networking/lib.a(ftpd.o)
 .text.verbose_log
                0x00026618       0x2c networking/lib.a(ftpd.o)
 .text.cmdio_get_cmd_and_arg
                0x00026644      0x1f0 networking/lib.a(ftpd.o)
 .text.cmdio_write_ok
                0x00026834       0x50 networking/lib.a(ftpd.o)
 .text.cmdio_write_error
                0x00026884       0x4c networking/lib.a(ftpd.o)
 .text.escape_text
                0x000268d0       0x9c networking/lib.a(ftpd.o)
 .text.cmdio_write
                0x0002696c       0x88 networking/lib.a(ftpd.o)
 .text.handle_cwd
                0x000269f4       0x58 networking/lib.a(ftpd.o)
 .text.port_pasv_cleanup
                0x00026a4c       0x80 networking/lib.a(ftpd.o)
 .text.get_remote_transfer_fd
                0x00026acc       0xc0 networking/lib.a(ftpd.o)
 .text.bind_for_passive_mode
                0x00026b8c      0x120 networking/lib.a(ftpd.o)
 .text.cmdio_write_raw
                0x00026cac       0x4c networking/lib.a(ftpd.o)
 .text.port_or_pasv_was_seen
                0x00026cf8       0x6c networking/lib.a(ftpd.o)
 .text.handle_upload_common
                0x00026d64      0x228 networking/lib.a(ftpd.o)
 .text.handle_dir_common
                0x00026f8c      0x1d8 networking/lib.a(ftpd.o)
 .text.timeout_handler
                0x00027164      0x138 networking/lib.a(ftpd.o)
 .text.ftpd_main
                0x0002729c      0xde8 networking/lib.a(ftpd.o)
                0x0002729c                ftpd_main
 .text.ftp_die  0x00028084       0x54 networking/lib.a(ftpgetput.o)
 .text.ftpcmd   0x000280d8      0x13c networking/lib.a(ftpgetput.o)
 .text.xconnect_ftpdata
                0x00028214       0xe4 networking/lib.a(ftpgetput.o)
 .text.pump_data_and_QUIT
                0x000282f8       0x70 networking/lib.a(ftpgetput.o)
 .text.ftp_receive
                0x00028368      0x1e4 networking/lib.a(ftpgetput.o)
 .text.ftp_send
                0x0002854c       0x7c networking/lib.a(ftpgetput.o)
 .text.ftpgetput_main
                0x000285c8      0x294 networking/lib.a(ftpgetput.o)
                0x000285c8                ftpgetput_main
 .text.do_sethostname
                0x0002885c       0x84 networking/lib.a(hostname.o)
 .text.hostname_main
                0x000288e0      0x168 networking/lib.a(hostname.o)
                0x000288e0                hostname_main
 .text.scan_ip  0x00028a48       0xd8 networking/lib.a(httpd.o)
 .text.checkPermIP
                0x00028b20       0x5c networking/lib.a(httpd.o)
 .text.free_llist
                0x00028b7c       0x2c networking/lib.a(httpd.o)
 .text.parse_conf
                0x00028ba8      0x5e4 networking/lib.a(httpd.o)
 .text.sighup_handler
                0x0002918c       0x10 networking/lib.a(httpd.o)
 .text.get_line
                0x0002919c       0xac networking/lib.a(httpd.o)
 .text.check_user_passwd
                0x00029248      0x21c networking/lib.a(httpd.o)
 .text.log_and_exit
                0x00029464       0x44 networking/lib.a(httpd.o)
 .text.cgi_io_loop_and_exit
                0x000294a8      0x26c networking/lib.a(httpd.o)
 .text.setenv1  0x00029714       0x18 networking/lib.a(httpd.o)
 .text.send_file_and_exit
                0x0002972c      0x378 networking/lib.a(httpd.o)
 .text.send_headers
                0x00029aa4      0x328 networking/lib.a(httpd.o)
 .text.send_headers_and_exit
                0x00029dcc       0x20 networking/lib.a(httpd.o)
 .text.send_cgi_and_exit
                0x00029dec      0x42c networking/lib.a(httpd.o)
 .text.send_REQUEST_TIMEOUT_and_exit
                0x0002a218        0xc networking/lib.a(httpd.o)
 .text.handle_incoming_and_exit
                0x0002a224      0xbb4 networking/lib.a(httpd.o)
 .text.httpd_main
                0x0002add8      0x3a4 networking/lib.a(httpd.o)
                0x0002add8                httpd_main
 .text.ifconfig_main
                0x0002b17c      0x4f4 networking/lib.a(ifconfig.o)
                0x0002b17c                ifconfig_main
 .text.ioctl_on_skfd
                0x0002b670       0x14 networking/lib.a(ifenslave.o)
 .text.set_ifrname_and_do_ioctl
                0x0002b684       0x28 networking/lib.a(ifenslave.o)
 .text.get_slave_flags
                0x0002b6ac       0x20 networking/lib.a(ifenslave.o)
 .text.set_if_flags
                0x0002b6cc       0x28 networking/lib.a(ifenslave.o)
 .text.set_if_down
                0x0002b6f4       0x30 networking/lib.a(ifenslave.o)
 .text.set_if_up
                0x0002b724       0x30 networking/lib.a(ifenslave.o)
 .text.set_mtu  0x0002b754       0x28 networking/lib.a(ifenslave.o)
 .text.get_if_settings
                0x0002b77c       0x54 networking/lib.a(ifenslave.o)
 .text.get_drv_info
                0x0002b7d0       0xe0 networking/lib.a(ifenslave.o)
 .text.set_hwaddr
                0x0002b8b0       0x34 networking/lib.a(ifenslave.o)
 .text.enslave  0x0002b8e4      0x2b8 networking/lib.a(ifenslave.o)
 .text.ifenslave_main
                0x0002bb9c      0x304 networking/lib.a(ifenslave.o)
                0x0002bb9c                ifenslave_main
 .text.strstatus
                0x0002bea0       0x20 networking/lib.a(ifplugd.o)
 .text.read_pid
                0x0002bec0       0x48 networking/lib.a(ifplugd.o)
 .text.set_ifreq_to_ifname
                0x0002bf08       0x30 networking/lib.a(ifplugd.o)
 .text.network_ioctl
                0x0002bf38       0x4c networking/lib.a(ifplugd.o)
 .text.detect_link_iff
                0x0002bf84       0x6c networking/lib.a(ifplugd.o)
 .text.detect_link_wlan
                0x0002bff0       0xac networking/lib.a(ifplugd.o)
 .text.detect_link_priv
                0x0002c09c       0x74 networking/lib.a(ifplugd.o)
 .text.detect_link_mii
                0x0002c110       0x74 networking/lib.a(ifplugd.o)
 .text.detect_link_ethtool
                0x0002c184       0x5c networking/lib.a(ifplugd.o)
 .text.check_existence_through_netlink
                0x0002c1e0      0x188 networking/lib.a(ifplugd.o)
 .text.up_iface
                0x0002c368       0x9c networking/lib.a(ifplugd.o)
 .text.maybe_up_new_iface
                0x0002c404       0x40 networking/lib.a(ifplugd.o)
 .text.detect_link
                0x0002c444      0x138 networking/lib.a(ifplugd.o)
 .text.run_script
                0x0002c57c       0xfc networking/lib.a(ifplugd.o)
 .text.ifplugd_main
                0x0002c678      0x574 networking/lib.a(ifplugd.o)
                0x0002c678                ifplugd_main
 .text.manual_up_down6
                0x0002cbec        0x8 networking/lib.a(ifupdown.o)
 .text.manual_up_down
                0x0002cbf4        0x8 networking/lib.a(ifupdown.o)
 .text.link_up_down
                0x0002cbfc        0x8 networking/lib.a(ifupdown.o)
 .text.check    0x0002cc04        0xc networking/lib.a(ifupdown.o)
 .text.strncmpz
                0x0002cc10       0x20 networking/lib.a(ifupdown.o)
 .text.get_var  0x0002cc30       0x94 networking/lib.a(ifupdown.o)
 .text.find_iface_state
                0x0002ccc4       0x58 networking/lib.a(ifupdown.o)
 .text.addstr   0x0002cd1c       0x5c networking/lib.a(ifupdown.o)
 .text.execute  0x0002cd78      0x2c8 networking/lib.a(ifupdown.o)
 .text.loopback_down6
                0x0002d040       0x18 networking/lib.a(ifupdown.o)
 .text.loopback_up6
                0x0002d058       0x4c networking/lib.a(ifupdown.o)
 .text.static_down6
                0x0002d0a4       0x18 networking/lib.a(ifupdown.o)
 .text.static_up6
                0x0002d0bc       0x64 networking/lib.a(ifupdown.o)
 .text.v4tunnel_down
                0x0002d120       0x18 networking/lib.a(ifupdown.o)
 .text.v4tunnel_up
                0x0002d138       0x7c networking/lib.a(ifupdown.o)
 .text.loopback_down
                0x0002d1b4       0x4c networking/lib.a(ifupdown.o)
 .text.loopback_up
                0x0002d200       0x4c networking/lib.a(ifupdown.o)
 .text.dhcp_up  0x0002d24c       0x40 networking/lib.a(ifupdown.o)
 .text.bootp_up
                0x0002d28c       0x18 networking/lib.a(ifupdown.o)
 .text.static_down
                0x0002d2a4       0x4c networking/lib.a(ifupdown.o)
 .text.static_up
                0x0002d2f0       0x64 networking/lib.a(ifupdown.o)
 .text.ppp_down
                0x0002d354       0x18 networking/lib.a(ifupdown.o)
 .text.ppp_up   0x0002d36c       0x18 networking/lib.a(ifupdown.o)
 .text.wvdial_down
                0x0002d384       0x18 networking/lib.a(ifupdown.o)
 .text.wvdial_up
                0x0002d39c       0x18 networking/lib.a(ifupdown.o)
 .text.dhcp_down
                0x0002d3b4       0x50 networking/lib.a(ifupdown.o)
 .text.next_word
                0x0002d404       0x5c networking/lib.a(ifupdown.o)
 .text.popen2   0x0002d460       0xb8 networking/lib.a(ifupdown.o)
 .text.read_iface_state
                0x0002d518       0x68 networking/lib.a(ifupdown.o)
 .text.setlocalenv
                0x0002d580       0x84 networking/lib.a(ifupdown.o)
 .text.set_environ
                0x0002d604      0x1c0 networking/lib.a(ifupdown.o)
 .text.doit     0x0002d7c4       0xdc networking/lib.a(ifupdown.o)
 .text.execute_all
                0x0002d8a0       0x70 networking/lib.a(ifupdown.o)
 .text.iface_up
                0x0002d910       0xb0 networking/lib.a(ifupdown.o)
 .text.iface_down
                0x0002d9c0       0xb0 networking/lib.a(ifupdown.o)
 .text.read_interfaces
                0x0002da70      0x5a0 networking/lib.a(ifupdown.o)
 .text.ifupdown_main
                0x0002e010      0x528 networking/lib.a(ifupdown.o)
                0x0002e010                ifupdown_main
 .text.remove_fd_from_set
                0x0002e538       0x74 networking/lib.a(inetd.o)
 .text.init_ring
                0x0002e5ac       0x78 networking/lib.a(inetd.o)
 .text.discard_dg
                0x0002e624       0x18 networking/lib.a(inetd.o)
 .text.maybe_close
                0x0002e63c        0xc networking/lib.a(inetd.o)
 .text.free_servtab_strings
                0x0002e648       0x5c networking/lib.a(inetd.o)
 .text.bump_nofile
                0x0002e6a4      0x11c networking/lib.a(inetd.o)
 .text.add_fd_to_set
                0x0002e7c0      0x11c networking/lib.a(inetd.o)
 .text.block_CHLD_HUP_ALRM
                0x0002e8dc       0x44 networking/lib.a(inetd.o)
 .text.restore_sigmask
                0x0002e920       0x10 networking/lib.a(inetd.o)
 .text.rearm_alarm
                0x0002e930       0x44 networking/lib.a(inetd.o)
 .text.xzalloc_lsa
                0x0002e974       0x38 networking/lib.a(inetd.o)
 .text.new_servtab
                0x0002e9ac       0x18 networking/lib.a(inetd.o)
 .text.unregister_rpc
                0x0002e9c4       0x4c networking/lib.a(inetd.o)
 .text.clean_up_and_exit
                0x0002ea10       0xa4 networking/lib.a(inetd.o)
 .text.reap_child
                0x0002eab4       0xcc networking/lib.a(inetd.o)
 .text.daytime_dg
                0x0002eb80       0xb0 networking/lib.a(inetd.o)
 .text.daytime_stream
                0x0002ec30       0x38 networking/lib.a(inetd.o)
 .text.machtime
                0x0002ec68       0x3c networking/lib.a(inetd.o)
 .text.machtime_dg
                0x0002eca4       0x84 networking/lib.a(inetd.o)
 .text.machtime_stream
                0x0002ed28       0x24 networking/lib.a(inetd.o)
 .text.chargen_dg
                0x0002ed4c      0x194 networking/lib.a(inetd.o)
 .text.chargen_stream
                0x0002eee0       0xc8 networking/lib.a(inetd.o)
 .text.discard_stream
                0x0002efa8       0x2c networking/lib.a(inetd.o)
 .text.echo_stream
                0x0002efd4       0x38 networking/lib.a(inetd.o)
 .text.echo_dg  0x0002f00c       0x8c networking/lib.a(inetd.o)
 .text.register_rpc
                0x0002f098       0xc4 networking/lib.a(inetd.o)
 .text.prepare_socket_fd
                0x0002f15c      0x190 networking/lib.a(inetd.o)
 .text.reread_config_file
                0x0002f2ec      0xb64 networking/lib.a(inetd.o)
 .text.retry_network_setup
                0x0002fe50       0x98 networking/lib.a(inetd.o)
 .text.inetd_main
                0x0002fee8      0xb74 networking/lib.a(inetd.o)
                0x0002fee8                inetd_main
 .text.get_afntype
                0x00030a5c       0x2c networking/lib.a(interface.o)
 .text.add_interface
                0x00030a88       0x90 networking/lib.a(interface.o)
 .text.if_readconf
                0x00030b18       0xcc networking/lib.a(interface.o)
 .text.if_readlist_proc
                0x00030be4      0x294 networking/lib.a(interface.o)
 .text.do_if_fetch
                0x00030e78      0x30c networking/lib.a(interface.o)
 .text.print_bytes_scaled
                0x00031184       0x9c networking/lib.a(interface.o)
 .text.UNSPEC_print
                0x00031220       0x68 networking/lib.a(interface.o)
 .text.UNSPEC_sprint
                0x00031288       0x28 networking/lib.a(interface.o)
 .text.INET6_input
                0x000312b0        0x4 networking/lib.a(interface.o)
 .text.INET6_sprint
                0x000312b4       0x50 networking/lib.a(interface.o)
 .text.INET_input
                0x00031304        0x8 networking/lib.a(interface.o)
 .text.INET_sprint
                0x0003130c       0x54 networking/lib.a(interface.o)
 .text.in_ib    0x00031360       0x28 networking/lib.a(interface.o)
                0x00031360                in_ib
 .text.ether_print
                0x00031388       0x58 networking/lib.a(interface.o)
 .text.get_aftype
                0x000313e0       0x3c networking/lib.a(interface.o)
                0x000313e0                get_aftype
 .text.get_hwtype
                0x0003141c       0x3c networking/lib.a(interface.o)
                0x0003141c                get_hwtype
 .text.get_hwntype
                0x00031458       0x2c networking/lib.a(interface.o)
                0x00031458                get_hwntype
 .text.ife_print
                0x00031484      0x5b8 networking/lib.a(interface.o)
 .text.display_interfaces
                0x00031a3c       0xe4 networking/lib.a(interface.o)
                0x00031a3c                display_interfaces
 .text.ip_do    0x00031b20       0x18 networking/lib.a(ip.o)
 .text.ip_print_help
                0x00031b38        0x8 networking/lib.a(ip.o)
 .text.ipaddr_main
                0x00031b40        0xc networking/lib.a(ip.o)
                0x00031b40                ipaddr_main
 .text.iplink_main
                0x00031b4c        0xc networking/lib.a(ip.o)
                0x00031b4c                iplink_main
 .text.iproute_main
                0x00031b58        0xc networking/lib.a(ip.o)
                0x00031b58                iproute_main
 .text.iprule_main
                0x00031b64        0xc networking/lib.a(ip.o)
                0x00031b64                iprule_main
 .text.iptunnel_main
                0x00031b70        0xc networking/lib.a(ip.o)
                0x00031b70                iptunnel_main
 .text.ip_main  0x00031b7c       0x50 networking/lib.a(ip.o)
                0x00031b7c                ip_main
 .text.ipcalc_main
                0x00031bcc      0x2e8 networking/lib.a(ipcalc.o)
                0x00031bcc                ipcalc_main
 .text.do_timeout
                0x00031eb4        0x8 networking/lib.a(isrv_identd.o)
 .text.do_rd    0x00031ebc       0xc8 networking/lib.a(isrv_identd.o)
 .text.new_peer
                0x00031f84       0x60 networking/lib.a(isrv_identd.o)
 .text.fakeidentd_main
                0x00031fe4      0x15c networking/lib.a(isrv_identd.o)
                0x00031fe4                fakeidentd_main
 .text.prepend_new_eth_table
                0x00032140      0x1a4 networking/lib.a(nameif.o)
 .text.nameif_main
                0x000322e4      0x308 networking/lib.a(nameif.o)
                0x000322e4                nameif_main
 .text.nbdclient_main
                0x000325ec      0x230 networking/lib.a(nbd-client.o)
                0x000325ec                nbdclient_main
 .text.timeout  0x0003281c       0x10 networking/lib.a(nc.o)
 .text.nc_main  0x0003282c      0x458 networking/lib.a(nc.o)
                0x0003282c                nc_main
 .text.prg_cache_get
                0x00032c84       0x54 networking/lib.a(netstat.o)
 .text.dir_act  0x00032cd8       0xf0 networking/lib.a(netstat.o)
 .text.add_to_prg_cache_if_socket
                0x00032dc8      0x11c networking/lib.a(netstat.o)
 .text.do_info  0x00032ee4       0x78 networking/lib.a(netstat.o)
 .text.build_ipv4_addr
                0x00032f5c       0x24 networking/lib.a(netstat.o)
 .text.unix_do_one
                0x00032f80      0x284 networking/lib.a(netstat.o)
 .text.build_ipv6_addr
                0x00033204       0x64 networking/lib.a(netstat.o)
 .text.scan_inet_proc_line
                0x00033268       0xb4 networking/lib.a(netstat.o)
 .text.ip_port_str
                0x0003331c       0x9c networking/lib.a(netstat.o)
 .text.print_inet_line
                0x000333b8       0xfc networking/lib.a(netstat.o)
 .text.raw_do_one
                0x000334b4       0x9c networking/lib.a(netstat.o)
 .text.udp_do_one
                0x00033550       0xc0 networking/lib.a(netstat.o)
 .text.tcp_do_one
                0x00033610       0x68 networking/lib.a(netstat.o)
 .text.netstat_main
                0x00033678      0x29c networking/lib.a(netstat.o)
                0x00033678                netstat_main
 .text.set_default_dns
                0x00033914       0x64 networking/lib.a(nslookup.o)
 .text.print_host
                0x00033978       0xe8 networking/lib.a(nslookup.o)
 .text.nslookup_main
                0x00033a60       0x80 networking/lib.a(nslookup.o)
                0x00033a60                nslookup_main
 .text.my_SQRT  0x00033ae0       0x9c networking/lib.a(ntpd.o)
 .text.lfp_to_d
                0x00033b7c       0x7c networking/lib.a(ntpd.o)
 .text.sfp_to_d
                0x00033bf8       0x60 networking/lib.a(ntpd.o)
 .text.d_to_lfp
                0x00033c58       0x90 networking/lib.a(ntpd.o)
 .text.d_to_sfp
                0x00033ce8       0x6c networking/lib.a(ntpd.o)
 .text.set_next
                0x00033d54       0x34 networking/lib.a(ntpd.o)
 .text.filter_datapoints
                0x00033d88      0x194 networking/lib.a(ntpd.o)
 .text.reset_peer_stats
                0x00033f1c      0x108 networking/lib.a(ntpd.o)
 .text.clamp_pollexp_and_set_MAXSTRAT
                0x00034024       0x40 networking/lib.a(ntpd.o)
 .text.compare_point_edge
                0x00034064       0x50 networking/lib.a(ntpd.o)
 .text.compare_survivor_metric
                0x000340b4       0x50 networking/lib.a(ntpd.o)
 .text.adjust_poll
                0x00034104       0xc4 networking/lib.a(ntpd.o)
 .text.add_peers
                0x000341c8       0x84 networking/lib.a(ntpd.o)
 .text.poll_interval
                0x0003424c       0x3c networking/lib.a(ntpd.o)
 .text.do_sendto
                0x00034288       0x84 networking/lib.a(ntpd.o)
 .text.gettime1900d
                0x0003430c       0x78 networking/lib.a(ntpd.o)
 .text.ntp_init
                0x00034384      0x264 networking/lib.a(ntpd.o)
 .text.recv_and_process_client_pkt
                0x000345e8      0x1c8 networking/lib.a(ntpd.o)
 .text.step_time
                0x000347b0      0x1e0 networking/lib.a(ntpd.o)
 .text.run_script
                0x00034990      0x13c networking/lib.a(ntpd.o)
 .text.update_local_clock
                0x00034acc      0x408 networking/lib.a(ntpd.o)
 .text.recv_and_process_peer_pkt
                0x00034ed4      0xa24 networking/lib.a(ntpd.o)
 .text.ntpd_main
                0x000358f8      0x484 networking/lib.a(ntpd.o)
                0x000358f8                ntpd_main
 .text.unpack_tail
                0x00035d7c      0x270 networking/lib.a(ping.o)
 .text.print_stats_and_exit
                0x00035fec      0x268 networking/lib.a(ping.o)
 .text.sendping_tail.constprop.0
                0x00036254      0x23c networking/lib.a(ping.o)
 .text.sendping4
                0x00036490       0xd8 networking/lib.a(ping.o)
 .text.sendping6
                0x00036568       0xa4 networking/lib.a(ping.o)
 .text.common_ping_main
                0x0003660c      0xb78 networking/lib.a(ping.o)
 .text.ping_main
                0x00037184        0xc networking/lib.a(ping.o)
                0x00037184                ping_main
 .text.ping6_main
                0x00037190        0xc networking/lib.a(ping.o)
                0x00037190                ping6_main
 .text.pscan_main
                0x0003719c      0x2ec networking/lib.a(pscan.o)
                0x0003719c                pscan_main
 .text.set_flags
                0x00037488       0x48 networking/lib.a(route.o)
 .text.kw_lookup
                0x000374d0       0x80 networking/lib.a(route.o)
 .text.INET6_displayroutes
                0x00037550      0x20c networking/lib.a(route.o)
 .text.INET6_setroute
                0x0003775c      0x26c networking/lib.a(route.o)
 .text.INET_setroute
                0x000379c8      0x3d4 networking/lib.a(route.o)
 .text.bb_displayroutes
                0x00037d9c      0x1e4 networking/lib.a(route.o)
                0x00037d9c                bb_displayroutes
 .text.route_main
                0x00037f80      0x150 networking/lib.a(route.o)
                0x00037f80                route_main
 .text.set_termios_state_or_warn
                0x000380d0       0x58 networking/lib.a(slattach.o)
 .text.restore_state_and_exit
                0x00038128       0xa8 networking/lib.a(slattach.o)
 .text.sig_handler
                0x000381d0        0xc networking/lib.a(slattach.o)
 .text.slattach_main